════════════════════════════════════════════════════════════════
                Z-FORGE V3  AUTOMATED BUILD
════════════════════════════════════════════════════════════════

[*] Using configuration: /app/build_specs/build_spec_outside_packages.yml
[*] Workspace: /root/zforge_workspace

[*] Starting automated build process...
[*] This will take 30-60 minutes depending on your system

2025-11-03 17:25:16,360 - ZForge - INFO - Starting Z-Forge build pipeline
2025-11-03 17:25:16,360 - ZForge - INFO - Executing modules: workspace_setup, prebuilt_package_copy, GpgKeyImporter, universal_hardware_detect, debootstrap, kernel_acquisition, zfs_install_prebuilt, proxmox_dkms_install, bootloader_install_prebuilt, calamares_install_prebuilt, live_environment, dracut_config, security_hardening, zfs_encryption, cleanup_handler, iso_generation
2025-11-03 17:25:16,361 - ZForge - INFO - No specific resume data found for module workspace_setup, will be called with None.
2025-11-03 17:25:16,361 - ZForge - INFO - Executing module: workspace_setup
2025-11-03 17:25:16,371 - WorkspaceSetup - INFO - Setting up workspace with validation...
2025-11-03 17:25:16,371 - WorkspaceSetup - INFO - Disk space validation passed: 91.0GB available
2025-11-03 17:25:16,371 - WorkspaceSetup - INFO - Running as root - privileges verified
2025-11-03 17:25:16,371 - WorkspaceSetup - INFO - Creating workspace directories...
2025-11-03 17:25:16,372 - WorkspaceSetup - WARNING - Workspace /root/zforge_workspace already exists with content!
2025-11-03 17:25:16,372 - WorkspaceSetup - INFO - Cleaning up existing workspace...
2025-11-03 17:25:16,372 - WorkspaceSetup - INFO - Removing /root/zforge_workspace/chroot...
2025-11-03 17:25:17,695 - WorkspaceSetup - INFO - Removing /root/zforge_workspace/build_progress.json...
2025-11-03 17:25:17,695 - WorkspaceSetup - INFO - Removing /root/zforge_workspace/output...
2025-11-03 17:25:17,696 - WorkspaceSetup - INFO - Removing /root/zforge_workspace/build...
2025-11-03 17:25:17,696 - WorkspaceSetup - INFO - Removing /root/zforge_workspace/cache...
2025-11-03 17:25:17,696 - WorkspaceSetup - INFO - Removing /root/zforge_workspace/tmp...
2025-11-03 17:25:17,697 - WorkspaceSetup - INFO - Removing /root/zforge_workspace/iso_build...
2025-11-03 17:25:17,697 - WorkspaceSetup - INFO - Removing /root/zforge_workspace/temp...
2025-11-03 17:25:17,697 - WorkspaceSetup - INFO - Removing /root/zforge_workspace/apt_state...
2025-11-03 17:25:17,697 - WorkspaceSetup - INFO - Removing /root/zforge_workspace/logs...
2025-11-03 17:25:17,697 - WorkspaceSetup - INFO - Removing /root/zforge_workspace/apt_cache...
2025-11-03 17:25:17,698 - WorkspaceSetup - INFO - Created 10 workspace directories
2025-11-03 17:25:17,698 - WorkspaceSetup - INFO - Setting permissions...
2025-11-03 17:25:17,714 - WorkspaceSetup - INFO - Preparing chroot mount points...
2025-11-03 17:25:17,715 - WorkspaceSetup - INFO - Performing final workspace validation...
2025-11-03 17:25:17,715 - WorkspaceSetup - INFO - Workspace validation successful.
2025-11-03 17:25:17,715 - WorkspaceSetup - INFO - Workspace setup complete: /root/zforge_workspace
2025-11-03 17:25:17,715 - ZForge - INFO - Saving build progress to /root/zforge_workspace/build_progress.json
2025-11-03 17:25:17,716 - ZForge - INFO - No specific resume data found for module prebuilt_package_copy, will be called with None.
2025-11-03 17:25:17,716 - ZForge - INFO - Executing module: prebuilt_package_copy
2025-11-03 17:25:17,720 - PrebuiltPackageCopy - INFO - Copying prebuilt packages to chroot...
2025-11-03 17:25:17,721 - PrebuiltPackageCopy - INFO - Found 16 packages to copy
2025-11-03 17:25:17,721 - PrebuiltPackageCopy - INFO - Successfully copied 0 packages
2025-11-03 17:25:17,721 - PrebuiltPackageCopy - INFO - Total package size: 0.00 MB
2025-11-03 17:25:17,721 - ZForge - INFO - Saving build progress to /root/zforge_workspace/build_progress.json
2025-11-03 17:25:17,722 - ZForge - INFO - No specific resume data found for module GpgKeyImporter, will be called with None.
2025-11-03 17:25:17,724 - ZForge - INFO - Executing module: GpgKeyImporter
2025-11-03 17:25:17,726 - GpgKeyImporter - INFO - Importing GPG keys for repositories...
2025-11-03 17:25:17,726 - GpgKeyImporter - INFO - Importing Debian GPG keys...
2025-11-03 17:25:17,728 - GpgKeyImporter - INFO - Debian GPG keys will be handled by the debian-archive-keyring package.
2025-11-03 17:25:17,728 - GpgKeyImporter - INFO - Importing Proxmox GPG keys...
2025-11-03 17:25:17,988 - GpgKeyImporter - INFO - Proxmox GPG key downloaded and installed.
2025-11-03 17:25:17,988 - ZForge - INFO - Saving build progress to /root/zforge_workspace/build_progress.json
2025-11-03 17:25:17,989 - ZForge - INFO - No specific resume data found for module universal_hardware_detect, will be called with None.
2025-11-03 17:25:17,989 - ZForge - INFO - Executing module: universal_hardware_detect
2025-11-03 17:25:18,002 - UniversalHardwareDetect - INFO - Starting universal hardware detection...
2025-11-03 17:25:18,002 - UniversalHardwareDetect - INFO - Detecting system hardware...
2025-11-03 17:25:18,005 - UniversalHardwareDetect - INFO - Checking hardware database for known configurations...
2025-11-03 17:25:18,005 - UniversalHardwareDetect - INFO - No specific hardware profile found, using generic optimizations
2025-11-03 17:25:18,005 - UniversalHardwareDetect - INFO - Applying universal hardware configurations...
2025-11-03 17:25:18,005 - UniversalHardwareDetect - INFO - Configuring for detected hardware...
2025-11-03 17:25:18,005 - UniversalHardwareDetect - INFO - Configuring for 8GB memory...
2025-11-03 17:25:18,006 - UniversalHardwareDetect - INFO - Build parallelism set to 4 jobs
2025-11-03 17:25:18,006 - UniversalHardwareDetect - INFO - Detecting and configuring RAID controllers...
2025-11-03 17:25:18,010 - UniversalHardwareDetect - INFO - Detected 0 RAID controllers
2025-11-03 17:25:18,010 - UniversalHardwareDetect - INFO - No RAID controllers detected
2025-11-03 17:25:18,010 - UniversalHardwareDetect - INFO - Installing runtime hardware detection...
2025-11-03 17:25:18,011 - ZForge - INFO - Saving build progress to /root/zforge_workspace/build_progress.json
2025-11-03 17:25:18,011 - ZForge - INFO - No specific resume data found for module debootstrap, will be called with None.
2025-11-03 17:25:18,012 - ZForge - INFO - Executing module: debootstrap
2025-11-03 17:25:18,015 - Debootstrap - INFO - --- debootstrap execute: start ---
2025-11-03 17:25:18,015 - Debootstrap - INFO - --- _run_debootstrap: start ---
2025-11-03 17:25:18,017 - Debootstrap - INFO - Executing mmdebstrap: sudo mmdebstrap --logfile /root/zforge_workspace/logs/mmdebstrap.log --mode=sudo --variant=important --verbose --arch=amd64 --include=locales,linux-base,sudo,bash-completion,apt-transport-https,ca-certificates,curl,wget,gnupg,gpgv trixie /root/zforge_workspace/chroot http://deb.debian.org/debian
