2025-07-29 06:46:40,163 - [RebuildCoordinator] INFO - 🚀 UltraThink ISO Rebuild System Starting
2025-07-29 06:46:40,163 - [RebuildCoordinator] INFO - ============================================================
2025-07-29 06:46:40,163 - [RebuildCoordinator] INFO - Phase 1: Configuration Analysis
2025-07-29 06:46:40,163 - [ConfigAnalysis] INFO - Analyzing current Z-FORGE configuration issues
2025-07-29 06:46:40,173 - [ConfigAnalysis] INFO - ✓ universal_build_spec.yml correctly uses Trixie
2025-07-29 06:46:40,173 - [RebuildCoordinator] INFO - Issues identified: 5
2025-07-29 06:46:40,173 - [RebuildCoordinator] INFO -   - Kernel version mismatch (Bookworm 6.1.x vs Trixie 6.12.x)
2025-07-29 06:46:40,174 - [RebuildCoordinator] INFO -   - APT sources configuration inconsistency
2025-07-29 06:46:40,174 - [RebuildCoordinator] INFO -   - DPKG database corruption in chroot
2025-07-29 06:46:40,174 - [RebuildCoordinator] INFO -   - ZFS/kernel compatibility issues
2025-07-29 06:46:40,174 - [RebuildCoordinator] INFO -   - Mixed stable/testing repositories
2025-07-29 06:46:40,174 - [RebuildCoordinator] INFO - 
Phase 2: Perfect Configuration Creation
2025-07-29 06:46:40,174 - [PerfectConfig] INFO - Creating perfect Z-FORGE configuration
2025-07-29 06:46:40,179 - [PerfectConfig] INFO - Created perfect config: /opt/github/Z-FORGE/config/universal/universal_build_spec_perfect.yml
2025-07-29 06:46:40,179 - [PerfectConfig] INFO - Created perfect kernel acquisition module: /opt/github/Z-FORGE/builder/modules/kernel_acquisition_perfect.py
2025-07-29 06:46:40,179 - [PerfectConfig] INFO - Created perfect ZFS build module: /opt/github/Z-FORGE/builder/modules/zfs_build_perfect.py
2025-07-29 06:46:40,179 - [PerfectConfig] INFO - Created perfect build script: /opt/github/Z-FORGE/perfect_build.sh
2025-07-29 06:46:40,179 - [RebuildCoordinator] INFO - Configurations created: 2
2025-07-29 06:46:40,179 - [RebuildCoordinator] INFO - 
Phase 3: Complete Workspace Cleanup
2025-07-29 06:46:40,179 - [WorkspaceCleanup] INFO - Performing complete workspace cleanup
2025-07-29 06:46:40,183 - [WorkspaceCleanup] INFO - Removing workspace: /tmp/zforge_workspace_perfect
2025-07-29 06:46:40,354 - [WorkspaceCleanup] INFO - Cleanup completed. Freed 0 MB
2025-07-29 06:46:40,354 - [RebuildCoordinator] INFO - Workspaces removed: 1
2025-07-29 06:46:40,354 - [RebuildCoordinator] INFO - Space freed: 0 MB
2025-07-29 06:46:40,355 - [RebuildCoordinator] INFO - 
Phase 4: Perfect Build Execution
2025-07-29 06:46:40,355 - [BuildOrchestration] INFO - Starting perfect build orchestration
2025-07-29 06:46:40,355 - [BuildOrchestration] INFO - Executing perfect build script...
2025-07-29 06:46:41,675 - [BuildOrchestration] ERROR - Build failed: 
2025-07-29 06:46:41,675 - [RebuildCoordinator] INFO - 
============================================================
2025-07-29 06:46:41,675 - [RebuildCoordinator] INFO - 🎯 ULTRATHINK ISO REBUILD FINAL REPORT
2025-07-29 06:46:41,675 - [RebuildCoordinator] INFO - ============================================================
2025-07-29 06:46:41,675 - [RebuildCoordinator] INFO - ❌ FAILED: Build did not complete successfully
2025-07-29 06:46:41,676 - [RebuildCoordinator] INFO - 
📊 Detailed Results:
2025-07-29 06:46:41,676 - [RebuildCoordinator] INFO - Issues identified: 5
2025-07-29 06:46:41,676 - [RebuildCoordinator] INFO - Perfect configs created: 2
2025-07-29 06:46:41,676 - [RebuildCoordinator] INFO - Workspaces cleaned: 1
2025-07-29 06:46:41,676 - [RebuildCoordinator] INFO - Space freed: 0 MB
2025-07-29 06:46:41,676 - [RebuildCoordinator] INFO - Build time: 0.0 minutes
2025-07-29 06:46:41,676 - [RebuildCoordinator] INFO - 
📁 Full results saved to: /opt/github/Z-FORGE/ultrathink_rebuild_results_20250729_064641.json
2025-07-29 06:46:41,677 - [RebuildCoordinator] INFO - 
🔧 Next Steps:
2025-07-29 06:46:41,677 - [RebuildCoordinator] INFO - 1. Check the build error above
2025-07-29 06:46:41,677 - [RebuildCoordinator] INFO - 2. Review the full log file
2025-07-29 06:46:41,677 - [RebuildCoordinator] INFO - 3. Check perfect config files were created
2025-07-29 06:46:41,677 - [RebuildCoordinator] INFO - 4. Consider manual build with perfect config
