This file contains any messages produced by compilers while
running configure, to aid debugging if configure makes a mistake.

It was created by zfs configure 2.3.3, which was
generated by GNU Autoconf 2.72.  Invocation command line was

  $ ./configure --prefix=/usr --sysconfdir=/etc --localstatedir=/var --libdir=/usr/lib/x86_64-linux-gnu --with-config=user --enable-systemd --enable-pyzfs

## --------- ##
## Platform. ##
## --------- ##

hostname = lonenomad
uname -m = x86_64
uname -r = 6.14.5-mtl-pve
uname -s = Linux
uname -v = #1 SMP PREEMPT_DYNAMIC Wed Jun 25 11:25:10 UTC 2025

/usr/bin/uname -p = unknown
/bin/uname -X     = unknown

/bin/arch              = x86_64
/usr/bin/arch -k       = unknown
/usr/convex/getsysinfo = unknown
/usr/bin/hostinfo      = unknown
/bin/machine           = unknown
/usr/bin/oslevel       = unknown
/bin/universe          = unknown

PATH: /usr/local/sbin/
PATH: /usr/local/bin/
PATH: /usr/sbin/
PATH: /usr/bin/
PATH: /sbin/
PATH: /bin/


## ----------- ##
## Core tests. ##
## ----------- ##

configure:2938: looking for aux files: config.rpath compile ltmain.sh missing install-sh config.guess config.sub
configure:2951:  trying ./config/
configure:2980:   ./config/config.rpath found
configure:2980:   ./config/compile found
configure:2980:   ./config/ltmain.sh found
configure:2980:   ./config/missing found
configure:2962:   ./config/install-sh found
configure:2980:   ./config/config.guess found
configure:2980:   ./config/config.sub found
configure:3107: checking for gawk
configure:3128: found /usr/bin/gawk
configure:3140: result: gawk
configure:3151: checking metadata
configure:3288: result: META file
configure:3301: checking build system type
configure:3317: result: x86_64-pc-linux-gnu
configure:3337: checking host system type
configure:3352: result: x86_64-pc-linux-gnu
configure:3372: checking target system type
configure:3387: result: x86_64-pc-linux-gnu
configure:3414: checking whether to enable maintainer-specific portions of Makefiles
configure:3425: result: no
configure:3446: checking whether make supports nested variables
configure:3465: result: yes
configure:3488: checking for a BSD-compatible install
configure:3562: result: /usr/local/bin/install -c
configure:3573: checking whether sleep supports fractional seconds
configure:3589: result: yes
configure:3592: checking filesystem timestamp resolution
configure:3727: result: 0.01
configure:3732: checking whether build environment is sane
configure:3773: result: yes
configure:3944: checking for a race-free mkdir -p
configure:3987: result: /usr/local/bin/mkdir -p
configure:3990: checking whether make sets $(MAKE)
configure:4014: result: yes
configure:4042: checking xargs -n works
configure:4058: result: yes
configure:4208: checking how to print strings
configure:4235: result: printf
configure:4269: checking whether make supports the include directive
configure:4284: make -f confmf.GNU && cat confinc.out
make[1]: Entering directory '/opt/github/Z-FORGE/zfs_build_tmp/zfs-2.3.3'
make[1]: Leaving directory '/opt/github/Z-FORGE/zfs_build_tmp/zfs-2.3.3'
this is the am__doit target
configure:4287: $? = 0
configure:4306: result: yes (GNU style)
configure:4383: checking for gcc
configure:4404: found /usr/bin/gcc
configure:4416: result: gcc
configure:4775: checking for C compiler version
configure:4784: gcc --version >&5
gcc (Debian 14.2.0-19) 14.2.0
Copyright (C) 2024 Free Software Foundation, Inc.
This is free software; see the source for copying conditions.  There is NO
warranty; not even for MERCHANTABILITY or FITNESS FOR A PARTICULAR PURPOSE.

configure:4795: $? = 0
configure:4784: gcc -v >&5
Using built-in specs.
COLLECT_GCC=gcc
COLLECT_LTO_WRAPPER=/usr/libexec/gcc/x86_64-linux-gnu/14/lto-wrapper
OFFLOAD_TARGET_NAMES=nvptx-none:amdgcn-amdhsa
OFFLOAD_TARGET_DEFAULT=1
Target: x86_64-linux-gnu
Configured with: ../src/configure -v --with-pkgversion='Debian 14.2.0-19' --with-bugurl=file:///usr/share/doc/gcc-14/README.Bugs --enable-languages=c,ada,c++,go,d,fortran,objc,obj-c++,m2,rust --prefix=/usr --with-gcc-major-version-only --program-suffix=-14 --program-prefix=x86_64-linux-gnu- --enable-shared --enable-linker-build-id --libexecdir=/usr/libexec --without-included-gettext --enable-threads=posix --libdir=/usr/lib --enable-nls --enable-bootstrap --enable-clocale=gnu --enable-libstdcxx-debug --enable-libstdcxx-time=yes --with-default-libstdcxx-abi=new --enable-libstdcxx-backtrace --enable-gnu-unique-object --disable-vtable-verify --enable-plugin --enable-default-pie --with-system-zlib --enable-libphobos-checking=release --with-target-system-zlib=auto --enable-objc-gc=auto --enable-multiarch --disable-werror --enable-cet --with-arch-32=i686 --with-abi=m64 --with-multilib-list=m32,m64,mx32 --enable-multilib --with-tune=generic --enable-offload-targets=nvptx-none=/build/reproducible-path/gcc-14-14.2.0/debian/tmp-nvptx/usr,amdgcn-amdhsa=/build/reproducible-path/gcc-14-14.2.0/debian/tmp-gcn/usr --enable-offload-defaulted --without-cuda-driver --enable-checking=release --build=x86_64-linux-gnu --host=x86_64-linux-gnu --target=x86_64-linux-gnu --with-build-config=bootstrap-lto-lean --enable-link-serialization=3
Thread model: posix
Supported LTO compression algorithms: zlib zstd
gcc version 14.2.0 (Debian 14.2.0-19) 
... rest of stderr output deleted ...
configure:4795: $? = 0
configure:4784: gcc -V >&5
gcc: error: unrecognized command-line option '-V'
gcc: fatal error: no input files
compilation terminated.
configure:4795: $? = 1
configure:4784: gcc -qversion >&5
gcc: error: unrecognized command-line option '-qversion'; did you mean '--version'?
gcc: fatal error: no input files
compilation terminated.
configure:4795: $? = 1
configure:4784: gcc -version >&5
gcc: error: unrecognized command-line option '-version'
gcc: fatal error: no input files
compilation terminated.
configure:4795: $? = 1
configure:4815: checking whether the C compiler works
configure:4837: gcc    conftest.c  >&5
configure:4841: $? = 0
configure:4892: result: yes
configure:4896: checking for C compiler default output file name
configure:4898: result: a.out
configure:4904: checking for suffix of executables
configure:4911: gcc -o conftest    conftest.c  >&5
configure:4915: $? = 0
configure:4939: result: 
configure:4963: checking whether we are cross compiling
configure:4971: gcc -o conftest    conftest.c  >&5
configure:4975: $? = 0
configure:4982: ./conftest
configure:4986: $? = 0
configure:5001: result: no
configure:5007: checking for suffix of object files
configure:5030: gcc -c   conftest.c >&5
configure:5034: $? = 0
configure:5058: result: o
configure:5062: checking whether the compiler supports GNU C
configure:5082: gcc -c   conftest.c >&5
configure:5082: $? = 0
configure:5094: result: yes
configure:5105: checking whether gcc accepts -g
configure:5126: gcc -c -g  conftest.c >&5
configure:5126: $? = 0
configure:5173: result: yes
configure:5193: checking for gcc option to enable C11 features
configure:5208: gcc  -c -g -O2  conftest.c >&5
configure:5208: $? = 0
configure:5227: result: none needed
configure:5351: checking whether gcc understands -c and -o together
configure:5374: gcc -c conftest.c -o conftest2.o
configure:5377: $? = 0
configure:5374: gcc -c conftest.c -o conftest2.o
configure:5377: $? = 0
configure:5390: result: yes
configure:5409: checking dependency style of gcc
configure:5522: result: gcc3
configure:5537: checking for a sed that does not truncate output
configure:5609: result: /usr/bin/sed
configure:5627: checking for grep that handles long lines and -e
configure:5693: result: /usr/bin/grep
configure:5698: checking for egrep
configure:5768: result: /usr/bin/grep -E
configure:5775: checking for fgrep
configure:5845: result: /usr/bin/grep -F
configure:5882: checking for ld used by gcc
configure:5951: result: /usr/bin/ld
configure:5958: checking if the linker (/usr/bin/ld) is GNU ld
configure:5975: result: yes
configure:5987: checking for BSD- or MS-compatible name lister (nm)
configure:6043: result: /usr/bin/nm -B
configure:6185: checking the name lister (/usr/bin/nm -B) interface
configure:6193: gcc -c -g -O2  conftest.c >&5
configure:6196: /usr/bin/nm -B "conftest.o"
configure:6199: output
0000000000000000 B some_variable
configure:6207: result: BSD nm
configure:6210: checking whether ln -s works
configure:6214: result: yes
configure:6222: checking the maximum length of command line arguments
configure:6355: result: 1572864
configure:6403: checking how to convert x86_64-pc-linux-gnu file names to x86_64-pc-linux-gnu format
configure:6445: result: func_convert_file_noop
configure:6452: checking how to convert x86_64-pc-linux-gnu file names to toolchain format
configure:6474: result: func_convert_file_noop
configure:6481: checking for /usr/bin/ld option to reload object files
configure:6490: result: -r
configure:6523: checking for file
configure:6544: found /usr/bin/file
configure:6557: result: file
configure:6620: checking for objdump
configure:6641: found /usr/bin/objdump
configure:6653: result: objdump
configure:6685: checking how to recognize dependent libraries
configure:6894: result: pass_all
configure:6985: checking for dlltool
configure:7021: result: no
configure:7051: checking how to associate runtime and link libraries
configure:7080: result: printf %s\n
configure:7141: checking for ranlib
configure:7162: found /usr/bin/ranlib
configure:7174: result: ranlib
configure:7251: checking for ar
configure:7272: found /usr/bin/ar
configure:7284: result: ar
configure:7337: checking for archiver @FILE support
configure:7355: gcc -c -g -O2  conftest.c >&5
configure:7355: $? = 0
configure:7359: ar cr libconftest.a @conftest.lst >&5
configure:7362: $? = 0
configure:7367: ar cr libconftest.a @conftest.lst >&5
ar: conftest.o: No such file or directory
configure:7370: $? = 1
configure:7383: result: @
configure:7447: checking for strip
configure:7468: found /usr/bin/strip
configure:7480: result: strip
configure:7583: checking command to parse /usr/bin/nm -B output from gcc object
configure:7737: gcc -c -g -O2  conftest.c >&5
configure:7740: $? = 0
configure:7744: /usr/bin/nm -B conftest.o | /usr/bin/sed -n -e 's/^.*[	 ]\([ABCDGIRSTW][ABCDGIRSTW]*\)[	 ][	 ]*\([_A-Za-z][_A-Za-z0-9]*\)$/\1 \2 \2/p' | /usr/bin/sed '/ __gnu_lto/d' > conftest.nm
configure:7810: gcc -o conftest -g -O2   conftest.c conftstm.o >&5
configure:7813: $? = 0
configure:7852: result: ok
configure:7899: checking for sysroot
configure:7933: result: no
configure:7940: checking for a working dd
configure:7985: result: /usr/local/bin/dd
configure:7989: checking how to truncate binary pipes
configure:8006: result: /usr/local/bin/dd bs=4096 count=1
configure:8143: gcc -c -g -O2  conftest.c >&5
configure:8146: $? = 0
configure:8346: checking for mt
configure:8367: found /usr/bin/mt
configure:8379: result: mt
configure:8402: checking if mt is a manifest tool
configure:8409: mt '-?'
configure:8418: result: no
configure:9215: checking for stdio.h
configure:9215: gcc -c -g -O2  conftest.c >&5
configure:9215: $? = 0
configure:9215: result: yes
configure:9215: checking for stdlib.h
configure:9215: gcc -c -g -O2  conftest.c >&5
configure:9215: $? = 0
configure:9215: result: yes
configure:9215: checking for string.h
configure:9215: gcc -c -g -O2  conftest.c >&5
configure:9215: $? = 0
configure:9215: result: yes
configure:9215: checking for inttypes.h
configure:9215: gcc -c -g -O2  conftest.c >&5
configure:9215: $? = 0
configure:9215: result: yes
configure:9215: checking for stdint.h
configure:9215: gcc -c -g -O2  conftest.c >&5
configure:9215: $? = 0
configure:9215: result: yes
configure:9215: checking for strings.h
configure:9215: gcc -c -g -O2  conftest.c >&5
configure:9215: $? = 0
configure:9215: result: yes
configure:9215: checking for sys/stat.h
configure:9215: gcc -c -g -O2  conftest.c >&5
configure:9215: $? = 0
configure:9215: result: yes
configure:9215: checking for sys/types.h
configure:9215: gcc -c -g -O2  conftest.c >&5
configure:9215: $? = 0
configure:9215: result: yes
configure:9215: checking for unistd.h
configure:9215: gcc -c -g -O2  conftest.c >&5
configure:9215: $? = 0
configure:9215: result: yes
configure:9240: checking for dlfcn.h
configure:9240: gcc -c -g -O2  conftest.c >&5
configure:9240: $? = 0
configure:9240: result: yes
configure:9543: checking for objdir
configure:9560: result: .libs
configure:9826: checking if gcc supports -fno-rtti -fno-exceptions
configure:9845: gcc -c -g -O2  -fno-rtti -fno-exceptions conftest.c >&5
cc1: warning: command-line option '-fno-rtti' is valid for C++/D/ObjC++ but not for C
configure:9849: $? = 0
configure:9863: result: no
configure:10242: checking for gcc option to produce PIC
configure:10251: result: -fPIC -DPIC
configure:10259: checking if gcc PIC flag -fPIC -DPIC works
configure:10278: gcc -c -g -O2  -fPIC -DPIC -DPIC conftest.c >&5
configure:10282: $? = 0
configure:10296: result: yes
configure:10325: checking if gcc static flag -static works
configure:10355: result: yes
configure:10370: checking if gcc supports -c -o file.o
configure:10392: gcc -c -g -O2  -o out/conftest2.o conftest.c >&5
configure:10396: $? = 0
configure:10419: result: yes
configure:10427: checking if gcc supports -c -o file.o
configure:10476: result: yes
configure:10509: checking whether the gcc linker (/usr/bin/ld -m elf_x86_64) supports shared libraries
configure:11797: result: yes
configure:11834: checking whether -lc should be explicitly linked in
configure:11843: gcc -c -g -O2  conftest.c >&5
configure:11846: $? = 0
configure:11861: gcc -shared  -fPIC -DPIC conftest.o  -v -Wl,-soname -Wl,conftest -o conftest 2\>\&1 \| /usr/bin/grep  -lc  \>/dev/null 2\>\&1
configure:11864: $? = 0
configure:11879: result: no
configure:12039: checking dynamic linker characteristics
configure:12658: gcc -o conftest -g -O2   -Wl,-rpath -Wl,/foo conftest.c  >&5
configure:12658: $? = 0
configure:13441: result: GNU/Linux ld.so
configure:13563: checking how to hardcode library paths into programs
configure:13588: result: immediate
configure:14188: checking whether stripping libraries is possible
configure:14197: result: yes
configure:14239: checking if libtool supports shared libraries
configure:14241: result: yes
configure:14244: checking whether to build shared libraries
configure:14269: result: yes
configure:14272: checking whether to build static libraries
configure:14276: result: yes
configure:14368: checking for gcc
configure:14401: result: gcc
configure:14760: checking for C compiler version
configure:14769: gcc --version >&5
gcc (Debian 14.2.0-19) 14.2.0
Copyright (C) 2024 Free Software Foundation, Inc.
This is free software; see the source for copying conditions.  There is NO
warranty; not even for MERCHANTABILITY or FITNESS FOR A PARTICULAR PURPOSE.

configure:14780: $? = 0
configure:14769: gcc -v >&5
Using built-in specs.
COLLECT_GCC=gcc
COLLECT_LTO_WRAPPER=/usr/libexec/gcc/x86_64-linux-gnu/14/lto-wrapper
OFFLOAD_TARGET_NAMES=nvptx-none:amdgcn-amdhsa
OFFLOAD_TARGET_DEFAULT=1
Target: x86_64-linux-gnu
Configured with: ../src/configure -v --with-pkgversion='Debian 14.2.0-19' --with-bugurl=file:///usr/share/doc/gcc-14/README.Bugs --enable-languages=c,ada,c++,go,d,fortran,objc,obj-c++,m2,rust --prefix=/usr --with-gcc-major-version-only --program-suffix=-14 --program-prefix=x86_64-linux-gnu- --enable-shared --enable-linker-build-id --libexecdir=/usr/libexec --without-included-gettext --enable-threads=posix --libdir=/usr/lib --enable-nls --enable-bootstrap --enable-clocale=gnu --enable-libstdcxx-debug --enable-libstdcxx-time=yes --with-default-libstdcxx-abi=new --enable-libstdcxx-backtrace --enable-gnu-unique-object --disable-vtable-verify --enable-plugin --enable-default-pie --with-system-zlib --enable-libphobos-checking=release --with-target-system-zlib=auto --enable-objc-gc=auto --enable-multiarch --disable-werror --enable-cet --with-arch-32=i686 --with-abi=m64 --with-multilib-list=m32,m64,mx32 --enable-multilib --with-tune=generic --enable-offload-targets=nvptx-none=/build/reproducible-path/gcc-14-14.2.0/debian/tmp-nvptx/usr,amdgcn-amdhsa=/build/reproducible-path/gcc-14-14.2.0/debian/tmp-gcn/usr --enable-offload-defaulted --without-cuda-driver --enable-checking=release --build=x86_64-linux-gnu --host=x86_64-linux-gnu --target=x86_64-linux-gnu --with-build-config=bootstrap-lto-lean --enable-link-serialization=3
Thread model: posix
Supported LTO compression algorithms: zlib zstd
gcc version 14.2.0 (Debian 14.2.0-19) 
... rest of stderr output deleted ...
configure:14780: $? = 0
configure:14769: gcc -V >&5
gcc: error: unrecognized command-line option '-V'
gcc: fatal error: no input files
compilation terminated.
configure:14780: $? = 1
configure:14769: gcc -qversion >&5
gcc: error: unrecognized command-line option '-qversion'; did you mean '--version'?
gcc: fatal error: no input files
compilation terminated.
configure:14780: $? = 1
configure:14769: gcc -version >&5
gcc: error: unrecognized command-line option '-version'
gcc: fatal error: no input files
compilation terminated.
configure:14780: $? = 1
configure:14784: checking whether the compiler supports GNU C
configure:14816: result: yes
configure:14827: checking whether gcc accepts -g
configure:14895: result: yes
configure:14915: checking for gcc option to enable C11 features
configure:14949: result: none needed
configure:15073: checking whether gcc understands -c and -o together
configure:15112: result: yes
configure:15131: checking dependency style of gcc
configure:15244: result: gcc3
configure:15259: checking whether ln -s works
configure:15263: result: yes
configure:15330: checking for pkg-config
configure:15353: found /usr/bin/pkg-config
configure:15366: result: /usr/bin/pkg-config
configure:15391: checking pkg-config is at least version 0.9.0
configure:15394: result: yes
configure:15411: checking dependency style of gcc
configure:15522: result: gcc3
configure:15553: checking whether to build with code coverage support
configure:15575: result: no
configure:15957: checking how to create a pax tar archive
configure:15968: tar --version
tar (GNU tar) 1.35
Copyright (C) 2023 Free Software Foundation, Inc.
License GPLv3+: GNU GPL version 3 or later <https://gnu.org/licenses/gpl.html>.
This is free software: you are free to change and redistribute it.
There is NO WARRANTY, to the extent permitted by law.

Written by John Gilmore and Jay Fenlason.
configure:15971: $? = 0
configure:16011: tardir=conftest.dir && eval tar --format=posix -chf - "$tardir" >conftest.tar
configure:16014: $? = 0
configure:16018: tar -xf - <conftest.tar
configure:16021: $? = 0
configure:16023: cat conftest.dir/file
GrepMe
configure:16026: $? = 0
configure:16041: result: gnutar
configure:16049: checking zfs author
configure:16051: result: OpenZFS
configure:16054: checking zfs license
configure:16056: result: CDDL
configure:16060: checking whether NLS is requested
configure:16071: result: yes
configure:16111: checking for msgfmt
configure: trying /usr/bin/msgfmt...
0 translated messages.
configure:16145: result: /usr/bin/msgfmt
configure:16154: checking for gmsgfmt
configure:16191: result: /usr/bin/msgfmt
configure:16236: checking for xgettext
configure: trying /usr/bin/xgettext...
/usr/bin/xgettext: warning: file '/dev/null' extension '' is unknown; will try C
configure:16270: result: /usr/bin/xgettext
configure:16315: checking for msgmerge
configure: trying /usr/bin/msgmerge...
configure:16348: result: /usr/bin/msgmerge
configure:16414: checking for ld
configure:16547: result: /usr/bin/ld -m elf_x86_64
configure:16554: checking if the linker (/usr/bin/ld -m elf_x86_64) is GNU ld
configure:16571: result: yes
configure:16579: checking for shared library run path origin
configure:16594: result: done
configure:16617: checking 32-bit host C ABI
configure:16656: gcc -c -g -O2  conftest.c >&5
configure:16656: $? = 0
configure:16862: result: no
configure:16903: checking for the common suffixes of directories in the library search path
configure:16956: result: lib,lib
configure:17449: checking zfs config
configure:17451: result: user
configure:17456: checking the number of available CPUs
configure:17550: result: 22
configure:17563: checking whether gcc supports -Wno-clobbered
configure:17580: gcc -c -g -O2 -Werror -Wclobbered  conftest.c >&5
configure:17580: $? = 0
configure:17584: result: yes
configure:17601: checking whether gcc supports -Winfinite-recursion
configure:17618: gcc -c -g -O2 -Werror -Winfinite-recursion  conftest.c >&5
configure:17618: $? = 0
configure:17625: result: yes
configure:17642: checking whether  supports -Winfinite-recursion
configure:17674: gcc -c -g -O2 -Werror -Winfinite-recursion  conftest.c >&5
configure:17674: $? = 0
configure:17681: result: yes
configure:17699: checking whether gcc supports -Wimplicit-fallthrough
configure:17716: gcc -c -g -O2 -Werror -Wimplicit-fallthrough  conftest.c >&5
configure:17716: $? = 0
configure:17723: result: yes
configure:17740: checking whether gcc supports -Wframe-larger-than=<size>
configure:17757: gcc -c -g -O2 -Werror -Wframe-larger-than=4096  conftest.c >&5
configure:17757: $? = 0
configure:17761: result: yes
configure:17778: checking whether gcc supports -Wno-format-truncation
configure:17795: gcc -c -g -O2 -Werror -Wno-format-truncation  conftest.c >&5
configure:17795: $? = 0
configure:17799: result: yes
configure:17816: checking whether gcc supports -Wno-format-zero-length
configure:17833: gcc -c -g -O2 -Werror -Wno-format-zero-length  conftest.c >&5
configure:17833: $? = 0
configure:17837: result: yes
configure:17854: checking whether gcc supports -Wformat-overflow
configure:17871: gcc -c -g -O2 -Werror -Wformat-overflow  conftest.c >&5
configure:17871: $? = 0
configure:17878: result: yes
configure:17895: checking whether gcc supports -fno-omit-frame-pointer
configure:17912: gcc -c -g -O2 -Werror -fno-omit-frame-pointer  conftest.c >&5
configure:17912: $? = 0
configure:17916: result: yes
configure:17933: checking whether gcc supports -fno-ipa-sra
configure:17950: gcc -c -g -O2 -Werror -fno-ipa-sra  conftest.c >&5
configure:17950: $? = 0
configure:17954: result: yes
configure:17971: checking whether  supports -fno-ipa-sra
configure:18003: gcc -c -g -O2 -Werror -fno-ipa-sra  conftest.c >&5
configure:18003: $? = 0
configure:18007: result: yes
configure:18025: checking whether to build with -fsanitize=address support
configure:18047: result: no
configure:18096: checking whether to build with -fsanitize=undefined support
configure:18118: result: no
configure:18170: checking whether host toolchain supports SSE
configure:18182: gcc -o conftest -g -O2   conftest.c  >&5
configure:18182: $? = 0
configure:18188: result: yes
configure:18202: checking whether host toolchain supports SSE2
configure:18214: gcc -o conftest -g -O2   conftest.c  >&5
configure:18214: $? = 0
configure:18220: result: yes
configure:18234: checking whether host toolchain supports SSE3
configure:18247: gcc -o conftest -g -O2   conftest.c  >&5
configure:18247: $? = 0
configure:18253: result: yes
configure:18267: checking whether host toolchain supports SSSE3
configure:18279: gcc -o conftest -g -O2   conftest.c  >&5
configure:18279: $? = 0
configure:18285: result: yes
configure:18299: checking whether host toolchain supports SSE4.1
configure:18311: gcc -o conftest -g -O2   conftest.c  >&5
configure:18311: $? = 0
configure:18317: result: yes
configure:18331: checking whether host toolchain supports SSE4.2
configure:18343: gcc -o conftest -g -O2   conftest.c  >&5
configure:18343: $? = 0
configure:18349: result: yes
configure:18363: checking whether host toolchain supports AVX
configure:18376: gcc -o conftest -g -O2   conftest.c  >&5
configure:18376: $? = 0
configure:18379: result: yes
configure:18396: checking whether host toolchain supports AVX2
configure:18409: gcc -o conftest -g -O2   conftest.c  >&5
configure:18409: $? = 0
configure:18412: result: yes
configure:18429: checking whether host toolchain supports AVX512F
configure:18442: gcc -o conftest -g -O2   conftest.c  >&5
configure:18442: $? = 0
configure:18445: result: yes
configure:18462: checking whether host toolchain supports AVX512CD
configure:18475: gcc -o conftest -g -O2   conftest.c  >&5
configure:18475: $? = 0
configure:18478: result: yes
configure:18495: checking whether host toolchain supports AVX512DQ
configure:18508: gcc -o conftest -g -O2   conftest.c  >&5
configure:18508: $? = 0
configure:18511: result: yes
configure:18528: checking whether host toolchain supports AVX512BW
configure:18541: gcc -o conftest -g -O2   conftest.c  >&5
configure:18541: $? = 0
configure:18544: result: yes
configure:18561: checking whether host toolchain supports AVX512IFMA
configure:18574: gcc -o conftest -g -O2   conftest.c  >&5
configure:18574: $? = 0
configure:18577: result: yes
configure:18594: checking whether host toolchain supports AVX512VBMI
configure:18607: gcc -o conftest -g -O2   conftest.c  >&5
configure:18607: $? = 0
configure:18610: result: yes
configure:18627: checking whether host toolchain supports AVX512PF
configure:18640: gcc -o conftest -g -O2   conftest.c  >&5
configure:18640: $? = 0
configure:18643: result: yes
configure:18660: checking whether host toolchain supports AVX512ER
configure:18673: gcc -o conftest -g -O2   conftest.c  >&5
configure:18673: $? = 0
configure:18676: result: yes
configure:18693: checking whether host toolchain supports AVX512VL
configure:18706: gcc -o conftest -g -O2   conftest.c  >&5
configure:18706: $? = 0
configure:18709: result: yes
configure:18726: checking whether host toolchain supports AES
configure:18739: gcc -o conftest -g -O2   conftest.c  >&5
configure:18739: $? = 0
configure:18742: result: yes
configure:18759: checking whether host toolchain supports PCLMULQDQ
configure:18772: gcc -o conftest -g -O2   conftest.c  >&5
configure:18772: $? = 0
configure:18775: result: yes
configure:18792: checking whether host toolchain supports MOVBE
configure:18805: gcc -o conftest -g -O2   conftest.c  >&5
configure:18805: $? = 0
configure:18808: result: yes
configure:18825: checking whether host toolchain supports XSAVE
configure:18839: gcc -o conftest -g -O2   conftest.c  >&5
configure:18839: $? = 0
configure:18842: result: yes
configure:18859: checking whether host toolchain supports XSAVEOPT
configure:18873: gcc -o conftest -g -O2   conftest.c  >&5
configure:18873: $? = 0
configure:18876: result: yes
configure:18893: checking whether host toolchain supports XSAVES
configure:18907: gcc -o conftest -g -O2   conftest.c  >&5
configure:18907: $? = 0
configure:18910: result: yes
configure:18930: checking for system type (linux-gnu)
configure:18952: result: Linux
configure:19058: checking for python3
configure:19079: found /usr/bin/python3
configure:19091: result: python3
configure:19182: checking for python version
configure:19191: result: 3.13
configure:19196: checking for python platform
configure:19205: result: linux
configure:19268: checking for GNU default python prefix
configure:19270: result: ${prefix}
configure:19338: checking for GNU default python exec_prefix
configure:19340: result: ${exec_prefix}
configure:19387: checking for python script directory (pythondir)
configure:19427: result: ${PYTHON_PREFIX}/lib/python3.13/site-packages
configure:19435: checking for python extension module directory (pyexecdir)
configure:19475: result: ${PYTHON_EXEC_PREFIX}/lib/python3.13/site-packages
configure:19602: checking for python3 module: packaging
configure:19607: result: yes
configure:19688: checking for python3.13
configure:19711: found /usr/local/bin/python3.13
configure:19724: result: /usr/local/bin/python3.13
configure:19746: checking for a version of Python >= '2.1.0'
configure:19786: result: yes
configure:19799: checking for a version of Python >= '3.6.0'
configure:19826: result: yes
configure:19854: checking for the sysconfig Python package
configure:19858: result: yes
configure:19892: checking for Python include path
configure:19917: result: -I/opt/python313/include/python3.13
configure:19924: checking for Python library path
configure:20011: result: -L/opt/python313/lib -lpython3.13
configure:20018: checking for Python site-packages path
configure:20042: result: /usr/lib/python3.13/site-packages
configure:20049: checking for Python platform specific site-packages path
configure:20073: result: /usr/lib/python3.13/site-packages
configure:20080: checking python extra libraries
configure:20087: result: -ldl -lm
configure:20094: checking python extra linking flags
configure:20103: result: -Xlinker -export-dynamic
configure:20110: checking consistency of all components of python development environment
configure:20138: gcc -o conftest -g -O2  -I/opt/python313/include/python3.13  -Xlinker -export-dynamic conftest.c  -L/opt/python313/lib -lpython3.13 -ldl -lm >&5
configure:20138: $? = 0
configure:20158: result: yes
configure:20740: checking for python3.13 module: setuptools
configure:20745: result: yes
configure:20779: checking for python3.13 module: cffi
configure:20784: result: yes
configure:20831: checking whether to enable pyzfs: 
configure:20833: result: yes
configure:20837: checking for sed --in-place
configure:20859: result: --in-place
configure:20867: checking for cppcheck
configure:20903: result: no
configure:20915: checking for shellcheck
configure:20936: found /usr/bin/shellcheck
configure:20948: result: yes
configure:20958: checking for checkbashisms
configure:20979: found /usr/bin/checkbashisms
configure:20991: result: yes
configure:21020: checking for parallel
configure:21041: found /usr/bin/parallel
configure:21053: result: yes
configure:63360: checking for CFPreferencesCopyAppValue
configure:63379: gcc -o conftest -g -O2   conftest.c  -Wl,-framework -Wl,CoreFoundation >&5
conftest.c:63:10: fatal error: CoreFoundation/CFPreferences.h: No such file or directory
   63 | #include <CoreFoundation/CFPreferences.h>
      |          ^~~~~~~~~~~~~~~~~~~~~~~~~~~~~~~~
compilation terminated.
configure:63379: $? = 1
configure: failed program was:
| /* confdefs.h */
| #define PACKAGE_NAME "zfs"
| #define PACKAGE_TARNAME "zfs"
| #define PACKAGE_VERSION "2.3.3"
| #define PACKAGE_STRING "zfs 2.3.3"
| #define PACKAGE_BUGREPORT ""
| #define PACKAGE_URL ""
| #define ZFS_META_NAME "zfs"
| #define ZFS_META_VERSION "2.3.3"
| #define SPL_META_VERSION ZFS_META_VERSION
| #define ZFS_META_RELEASE "1"
| #define SPL_META_RELEASE ZFS_META_RELEASE
| #define ZFS_META_LICENSE "CDDL"
| #define ZFS_META_ALIAS "zfs-2.3.3-1"
| #define SPL_META_ALIAS ZFS_META_ALIAS
| #define ZFS_META_AUTHOR "OpenZFS"
| #define ZFS_META_KVER_MIN "4.18"
| #define ZFS_META_KVER_MAX "6.15"
| #define PACKAGE "zfs"
| #define VERSION "2.3.3"
| #define HAVE_STDIO_H 1
| #define HAVE_STDLIB_H 1
| #define HAVE_STRING_H 1
| #define HAVE_INTTYPES_H 1
| #define HAVE_STDINT_H 1
| #define HAVE_STRINGS_H 1
| #define HAVE_SYS_STAT_H 1
| #define HAVE_SYS_TYPES_H 1
| #define HAVE_UNISTD_H 1
| #define STDC_HEADERS 1
| #define HAVE_DLFCN_H 1
| #define LT_OBJDIR ".libs/"
| #define HAVE_INFINITE_RECURSION 1
| #define HAVE_KERNEL_INFINITE_RECURSION 1
| #define HAVE_IMPLICIT_FALLTHROUGH 1
| #define HAVE_FORMAT_OVERFLOW 1
| #define HAVE_SSE 1
| #define HAVE_SSE2 1
| #define HAVE_SSE3 1
| #define HAVE_SSSE3 1
| #define HAVE_SSE4_1 1
| #define HAVE_SSE4_2 1
| #define HAVE_AVX 1
| #define HAVE_AVX2 1
| #define HAVE_AVX512F 1
| #define HAVE_AVX512CD 1
| #define HAVE_AVX512DQ 1
| #define HAVE_AVX512BW 1
| #define HAVE_AVX512IFMA 1
| #define HAVE_AVX512VBMI 1
| #define HAVE_AVX512PF 1
| #define HAVE_AVX512ER 1
| #define HAVE_AVX512VL 1
| #define HAVE_AES 1
| #define HAVE_PCLMULQDQ 1
| #define HAVE_MOVBE 1
| #define HAVE_XSAVE 1
| #define HAVE_XSAVEOPT 1
| #define HAVE_XSAVES 1
| #define SYSTEM_LINUX 1
| #define HAVE_PYTHON "3.13"
| /* end confdefs.h.  */
| #include <CoreFoundation/CFPreferences.h>
| int
| main (void)
| {
| CFPreferencesCopyAppValue(NULL, NULL)
|   ;
|   return 0;
| }
configure:63391: result: no
configure:63398: checking for CFLocaleCopyPreferredLanguages
configure:63417: gcc -o conftest -g -O2   conftest.c  -Wl,-framework -Wl,CoreFoundation >&5
conftest.c:63:10: fatal error: CoreFoundation/CFLocale.h: No such file or directory
   63 | #include <CoreFoundation/CFLocale.h>
      |          ^~~~~~~~~~~~~~~~~~~~~~~~~~~
compilation terminated.
configure:63417: $? = 1
configure: failed program was:
| /* confdefs.h */
| #define PACKAGE_NAME "zfs"
| #define PACKAGE_TARNAME "zfs"
| #define PACKAGE_VERSION "2.3.3"
| #define PACKAGE_STRING "zfs 2.3.3"
| #define PACKAGE_BUGREPORT ""
| #define PACKAGE_URL ""
| #define ZFS_META_NAME "zfs"
| #define ZFS_META_VERSION "2.3.3"
| #define SPL_META_VERSION ZFS_META_VERSION
| #define ZFS_META_RELEASE "1"
| #define SPL_META_RELEASE ZFS_META_RELEASE
| #define ZFS_META_LICENSE "CDDL"
| #define ZFS_META_ALIAS "zfs-2.3.3-1"
| #define SPL_META_ALIAS ZFS_META_ALIAS
| #define ZFS_META_AUTHOR "OpenZFS"
| #define ZFS_META_KVER_MIN "4.18"
| #define ZFS_META_KVER_MAX "6.15"
| #define PACKAGE "zfs"
| #define VERSION "2.3.3"
| #define HAVE_STDIO_H 1
| #define HAVE_STDLIB_H 1
| #define HAVE_STRING_H 1
| #define HAVE_INTTYPES_H 1
| #define HAVE_STDINT_H 1
| #define HAVE_STRINGS_H 1
| #define HAVE_SYS_STAT_H 1
| #define HAVE_SYS_TYPES_H 1
| #define HAVE_UNISTD_H 1
| #define STDC_HEADERS 1
| #define HAVE_DLFCN_H 1
| #define LT_OBJDIR ".libs/"
| #define HAVE_INFINITE_RECURSION 1
| #define HAVE_KERNEL_INFINITE_RECURSION 1
| #define HAVE_IMPLICIT_FALLTHROUGH 1
| #define HAVE_FORMAT_OVERFLOW 1
| #define HAVE_SSE 1
| #define HAVE_SSE2 1
| #define HAVE_SSE3 1
| #define HAVE_SSSE3 1
| #define HAVE_SSE4_1 1
| #define HAVE_SSE4_2 1
| #define HAVE_AVX 1
| #define HAVE_AVX2 1
| #define HAVE_AVX512F 1
| #define HAVE_AVX512CD 1
| #define HAVE_AVX512DQ 1
| #define HAVE_AVX512BW 1
| #define HAVE_AVX512IFMA 1
| #define HAVE_AVX512VBMI 1
| #define HAVE_AVX512PF 1
| #define HAVE_AVX512ER 1
| #define HAVE_AVX512VL 1
| #define HAVE_AES 1
| #define HAVE_PCLMULQDQ 1
| #define HAVE_MOVBE 1
| #define HAVE_XSAVE 1
| #define HAVE_XSAVEOPT 1
| #define HAVE_XSAVES 1
| #define SYSTEM_LINUX 1
| #define HAVE_PYTHON "3.13"
| /* end confdefs.h.  */
| #include <CoreFoundation/CFLocale.h>
| int
| main (void)
| {
| CFLocaleCopyPreferredLanguages();
|   ;
|   return 0;
| }
configure:63429: result: no
configure:63479: checking for GNU gettext in libc
configure:63509: gcc -o conftest -g -O2   conftest.c  >&5
configure:63509: $? = 0
configure:63521: result: yes
configure:64393: checking whether to use NLS
configure:64395: result: yes
configure:64398: checking where the gettext function comes from
configure:64409: result: libc
configure:64495: checking for dracut directory
configure:64534: result: /usr/lib/dracut
configure:64589: checking for zlib
configure:64596: $PKG_CONFIG --exists --print-errors "zlib"
configure:64599: $? = 0
configure:64613: $PKG_CONFIG --exists --print-errors "zlib"
configure:64616: $? = 0
configure:64654: result: yes
configure:64702: checking for zlib.h
configure:64702: gcc -c -g -O2   conftest.c >&5
configure:64702: $? = 0
configure:64702: result: yes
configure:64741: checking for compress2 in -lz
configure:64770: gcc -o conftest -g -O2    -lz  conftest.c -lz   >&5
configure:64770: $? = 0
configure:64782: result: yes
configure:64791: checking for uncompress in -lz
configure:64820: gcc -o conftest -g -O2    -lz  conftest.c -lz   >&5
configure:64820: $? = 0
configure:64832: result: yes
configure:64841: checking for crc32 in -lz
configure:64870: gcc -o conftest -g -O2    -lz  conftest.c -lz   >&5
configure:64870: $? = 0
configure:64882: result: yes
configure:64965: checking for udev directories
configure:65016: result: /lib/udev;/lib/udev/rules.d
configure:65087: checking for systemd support
configure:65089: result: yes
configure:65126: checking for libudev
configure:65133: $PKG_CONFIG --exists --print-errors "libudev"
configure:65136: $? = 0
configure:65150: $PKG_CONFIG --exists --print-errors "libudev"
configure:65153: $? = 0
configure:65191: result: yes
configure:65239: checking for libudev.h
configure:65239: gcc -c -g -O2   conftest.c >&5
configure:65239: $? = 0
configure:65239: result: yes
configure:65278: checking for main in -ludev
configure:65298: gcc -o conftest -g -O2    -ludev  conftest.c -ludev   >&5
configure:65298: $? = 0
configure:65310: result: yes
configure:65400: checking for udev_device_get_is_initialized
configure:65400: gcc -o conftest -g -O2    conftest.c -ludev   >&5
configure:65400: $? = 0
configure:65400: result: yes
configure:65431: checking for uuid
configure:65438: $PKG_CONFIG --exists --print-errors "uuid"
configure:65441: $? = 0
configure:65455: $PKG_CONFIG --exists --print-errors "uuid"
configure:65458: $? = 0
configure:65496: result: yes
configure:65544: checking for uuid/uuid.h
configure:65544: gcc -c -g -O2 -I/usr/include/uuid   conftest.c >&5
configure:65544: $? = 0
configure:65544: result: yes
configure:65583: checking for uuid_generate in -luuid
configure:65612: gcc -o conftest -g -O2 -I/usr/include/uuid    -luuid  conftest.c -luuid   >&5
configure:65612: $? = 0
configure:65624: result: yes
configure:65633: checking for uuid_is_null in -luuid
configure:65662: gcc -o conftest -g -O2 -I/usr/include/uuid    -luuid  conftest.c -luuid   >&5
configure:65662: $? = 0
configure:65674: result: yes
configure:65766: checking for blkid
configure:65773: $PKG_CONFIG --exists --print-errors "blkid"
configure:65776: $? = 0
configure:65790: $PKG_CONFIG --exists --print-errors "blkid"
configure:65793: $? = 0
configure:65831: result: yes
configure:65879: checking for blkid/blkid.h
configure:65879: gcc -c -g -O2 -I/usr/include/blkid   conftest.c >&5
configure:65879: $? = 0
configure:65879: result: yes
configure:65918: checking for main in -lblkid
configure:65938: gcc -o conftest -g -O2 -I/usr/include/blkid    -lblkid  conftest.c -lblkid   >&5
configure:65938: $? = 0
configure:65950: result: yes
configure:66049: checking for library containing xdrmem_create
configure:66085: gcc -o conftest -g -O2   conftest.c  >&5
/usr/bin/ld: /tmp/cccpSDD1.o: in function `main':
/opt/github/Z-FORGE/zfs_build_tmp/zfs-2.3.3/conftest.c:85:(.text.startup+0x5): undefined reference to `xdrmem_create'
collect2: error: ld returned 1 exit status
configure:66085: $? = 1
configure: failed program was:
| /* confdefs.h */
| #define PACKAGE_NAME "zfs"
| #define PACKAGE_TARNAME "zfs"
| #define PACKAGE_VERSION "2.3.3"
| #define PACKAGE_STRING "zfs 2.3.3"
| #define PACKAGE_BUGREPORT ""
| #define PACKAGE_URL ""
| #define ZFS_META_NAME "zfs"
| #define ZFS_META_VERSION "2.3.3"
| #define SPL_META_VERSION ZFS_META_VERSION
| #define ZFS_META_RELEASE "1"
| #define SPL_META_RELEASE ZFS_META_RELEASE
| #define ZFS_META_LICENSE "CDDL"
| #define ZFS_META_ALIAS "zfs-2.3.3-1"
| #define SPL_META_ALIAS ZFS_META_ALIAS
| #define ZFS_META_AUTHOR "OpenZFS"
| #define ZFS_META_KVER_MIN "4.18"
| #define ZFS_META_KVER_MAX "6.15"
| #define PACKAGE "zfs"
| #define VERSION "2.3.3"
| #define HAVE_STDIO_H 1
| #define HAVE_STDLIB_H 1
| #define HAVE_STRING_H 1
| #define HAVE_INTTYPES_H 1
| #define HAVE_STDINT_H 1
| #define HAVE_STRINGS_H 1
| #define HAVE_SYS_STAT_H 1
| #define HAVE_SYS_TYPES_H 1
| #define HAVE_UNISTD_H 1
| #define STDC_HEADERS 1
| #define HAVE_DLFCN_H 1
| #define LT_OBJDIR ".libs/"
| #define HAVE_INFINITE_RECURSION 1
| #define HAVE_KERNEL_INFINITE_RECURSION 1
| #define HAVE_IMPLICIT_FALLTHROUGH 1
| #define HAVE_FORMAT_OVERFLOW 1
| #define HAVE_SSE 1
| #define HAVE_SSE2 1
| #define HAVE_SSE3 1
| #define HAVE_SSSE3 1
| #define HAVE_SSE4_1 1
| #define HAVE_SSE4_2 1
| #define HAVE_AVX 1
| #define HAVE_AVX2 1
| #define HAVE_AVX512F 1
| #define HAVE_AVX512CD 1
| #define HAVE_AVX512DQ 1
| #define HAVE_AVX512BW 1
| #define HAVE_AVX512IFMA 1
| #define HAVE_AVX512VBMI 1
| #define HAVE_AVX512PF 1
| #define HAVE_AVX512ER 1
| #define HAVE_AVX512VL 1
| #define HAVE_AES 1
| #define HAVE_PCLMULQDQ 1
| #define HAVE_MOVBE 1
| #define HAVE_XSAVE 1
| #define HAVE_XSAVEOPT 1
| #define HAVE_XSAVES 1
| #define SYSTEM_LINUX 1
| #define HAVE_PYTHON "3.13"
| #define ENABLE_NLS 1
| #define HAVE_GETTEXT 1
| #define HAVE_DCGETTEXT 1
| #define HAVE_ZLIB 1
| #define HAVE_LIBUDEV 1
| #define HAVE_UDEV_DEVICE_GET_IS_INITIALIZED 1
| #define HAVE_LIBUUID 1
| #define HAVE_LIBBLKID 1
| /* end confdefs.h.  */
| 
| /* Override any GCC internal prototype to avoid an error.
|    Use char because int might match the return type of a GCC
|    builtin and then its argument prototype would still apply.
|    The 'extern "C"' is for builds by C++ compilers;
|    although this is not generally supported in C code supporting it here
|    has little cost and some practical benefit (sr 110532).  */
| #ifdef __cplusplus
| extern "C"
| #endif
| char xdrmem_create (void);
| int
| main (void)
| {
| return xdrmem_create ();
|   ;
|   return 0;
| }
configure:66107: result: no
configure:66146: checking for libtirpc
configure:66153: $PKG_CONFIG --exists --print-errors "libtirpc"
configure:66156: $? = 0
configure:66170: $PKG_CONFIG --exists --print-errors "libtirpc"
configure:66173: $? = 0
configure:66211: result: yes
configure:66259: checking for rpc/xdr.h
configure:66259: gcc -c -g -O2 -I/usr/include/tirpc   conftest.c >&5
configure:66259: $? = 0
configure:66259: result: yes
configure:66312: checking for xdrmem_create in -ltirpc
configure:66341: gcc -o conftest -g -O2 -I/usr/include/tirpc    -ltirpc  conftest.c -ltirpc   >&5
configure:66341: $? = 0
configure:66353: result: yes
configure:66459: checking for libcrypto
configure:66466: $PKG_CONFIG --exists --print-errors "libcrypto"
configure:66469: $? = 0
configure:66483: $PKG_CONFIG --exists --print-errors "libcrypto"
configure:66486: $? = 0
configure:66524: result: yes
configure:66572: checking for openssl/evp.h
configure:66572: gcc -c -g -O2   conftest.c >&5
configure:66572: $? = 0
configure:66572: result: yes
configure:66611: checking for PKCS5_PBKDF2_HMAC_SHA1 in -lcrypto
configure:66640: gcc -o conftest -g -O2    -lcrypto  conftest.c -lcrypto   >&5
configure:66640: $? = 0
configure:66652: result: yes
configure:66857: checking for libaio.h
configure:66857: gcc -c -g -O2   conftest.c >&5
configure:66857: $? = 0
configure:66857: result: yes
configure:66896: checking for main in -laio
configure:66916: gcc -o conftest -g -O2     -laio conftest.c -laio   >&5
configure:66916: $? = 0
configure:66928: result: yes
configure:67003: checking whether -latomic is required
configure:67021: gcc -o conftest -g -O2   conftest.c  -latomic >&5
configure:67021: $? = 0
configure:67038: gcc -o conftest -g -O2 -isystem lib/libspl/include   conftest.c  >&5
configure:67038: $? = 0
configure:67057: result: no
configure:67065: checking for libfetch
configure:67091: gcc -o conftest -g -O2   conftest.c  -lfetch >&5
conftest.c:77:26: fatal error: fetch.h: No such file or directory
   77 |                 #include <fetch.h>
      |                          ^~~~~~~~~
compilation terminated.
configure:67091: $? = 1
configure: failed program was:
| /* confdefs.h */
| #define PACKAGE_NAME "zfs"
| #define PACKAGE_TARNAME "zfs"
| #define PACKAGE_VERSION "2.3.3"
| #define PACKAGE_STRING "zfs 2.3.3"
| #define PACKAGE_BUGREPORT ""
| #define PACKAGE_URL ""
| #define ZFS_META_NAME "zfs"
| #define ZFS_META_VERSION "2.3.3"
| #define SPL_META_VERSION ZFS_META_VERSION
| #define ZFS_META_RELEASE "1"
| #define SPL_META_RELEASE ZFS_META_RELEASE
| #define ZFS_META_LICENSE "CDDL"
| #define ZFS_META_ALIAS "zfs-2.3.3-1"
| #define SPL_META_ALIAS ZFS_META_ALIAS
| #define ZFS_META_AUTHOR "OpenZFS"
| #define ZFS_META_KVER_MIN "4.18"
| #define ZFS_META_KVER_MAX "6.15"
| #define PACKAGE "zfs"
| #define VERSION "2.3.3"
| #define HAVE_STDIO_H 1
| #define HAVE_STDLIB_H 1
| #define HAVE_STRING_H 1
| #define HAVE_INTTYPES_H 1
| #define HAVE_STDINT_H 1
| #define HAVE_STRINGS_H 1
| #define HAVE_SYS_STAT_H 1
| #define HAVE_SYS_TYPES_H 1
| #define HAVE_UNISTD_H 1
| #define STDC_HEADERS 1
| #define HAVE_DLFCN_H 1
| #define LT_OBJDIR ".libs/"
| #define HAVE_INFINITE_RECURSION 1
| #define HAVE_KERNEL_INFINITE_RECURSION 1
| #define HAVE_IMPLICIT_FALLTHROUGH 1
| #define HAVE_FORMAT_OVERFLOW 1
| #define HAVE_SSE 1
| #define HAVE_SSE2 1
| #define HAVE_SSE3 1
| #define HAVE_SSSE3 1
| #define HAVE_SSE4_1 1
| #define HAVE_SSE4_2 1
| #define HAVE_AVX 1
| #define HAVE_AVX2 1
| #define HAVE_AVX512F 1
| #define HAVE_AVX512CD 1
| #define HAVE_AVX512DQ 1
| #define HAVE_AVX512BW 1
| #define HAVE_AVX512IFMA 1
| #define HAVE_AVX512VBMI 1
| #define HAVE_AVX512PF 1
| #define HAVE_AVX512ER 1
| #define HAVE_AVX512VL 1
| #define HAVE_AES 1
| #define HAVE_PCLMULQDQ 1
| #define HAVE_MOVBE 1
| #define HAVE_XSAVE 1
| #define HAVE_XSAVEOPT 1
| #define HAVE_XSAVES 1
| #define SYSTEM_LINUX 1
| #define HAVE_PYTHON "3.13"
| #define ENABLE_NLS 1
| #define HAVE_GETTEXT 1
| #define HAVE_DCGETTEXT 1
| #define HAVE_ZLIB 1
| #define HAVE_LIBUDEV 1
| #define HAVE_UDEV_DEVICE_GET_IS_INITIALIZED 1
| #define HAVE_LIBUUID 1
| #define HAVE_LIBBLKID 1
| #define HAVE_LIBTIRPC 1
| #define HAVE_LIBCRYPTO 1
| #define HAVE_LIBAIO 1
| /* end confdefs.h.  */
| 
| 		#include <sys/param.h>
| 		#include <stdio.h>
| 		#include <fetch.h>
| 
| int
| main (void)
| {
| fetchGetURL("", "");
|   ;
|   return 0;
| }
configure:67116: result: libcurl
configure:67274: checking for aio.h
configure:67274: gcc -c -g -O2   conftest.c >&5
configure:67274: $? = 0
configure:67274: result: yes
configure:67313: checking for lio_listio in -lrt
configure:67342: gcc -o conftest -g -O2     -lrt conftest.c -lrt   >&5
configure:67342: $? = 0
configure:67354: result: yes
configure:67429: checking for clock_gettime
configure:67429: gcc -o conftest -g -O2   conftest.c  >&5
configure:67429: $? = 0
configure:67429: result: yes
configure:67536: checking for security/pam_modules.h
configure:67536: gcc -c -g -O2  conftest.c >&5
configure:67536: $? = 0
configure:67536: result: yes
configure:67588: checking for library containing backtrace
configure:67624: gcc -o conftest -g -O2   conftest.c  >&5
configure:67624: $? = 0
configure:67646: result: none required
configure:67696: checking for libunwind
configure:67703: $PKG_CONFIG --exists --print-errors "libunwind"
configure:67706: $? = 0
configure:67720: $PKG_CONFIG --exists --print-errors "libunwind"
configure:67723: $? = 0
configure:67761: result: yes
configure:67809: checking for libunwind.h
configure:67809: gcc -c -g -O2 -I/usr/include/x86_64-linux-gnu   conftest.c >&5
configure:67809: $? = 0
configure:67809: result: yes
configure:67848: checking for main in -lunwind
configure:67868: gcc -o conftest -g -O2 -I/usr/include/x86_64-linux-gnu    -lunwind  conftest.c -lunwind   >&5
configure:67868: $? = 0
configure:67880: result: yes
configure:67951: checking for unw_get_elf_filename in libunwind
configure:67971: gcc -o conftest -g -O2 -I/usr/include/x86_64-linux-gnu    conftest.c  -lunwind  >&5
configure:67971: $? = 0
configure:67974: result: yes
configure:67989: checking whether libunwind is llvm libunwind
configure:68008: gcc -c -g -O2 -I/usr/include/x86_64-linux-gnu   conftest.c >&5
conftest.c:87:42: error: #error "_LIBUNWIND_HIGHEST_DWARF_REGISTER is not defined"
   87 |                                         #error "_LIBUNWIND_HIGHEST_DWARF_REGISTER is not defined"
      |                                          ^~~~~
configure:68008: $? = 1
configure: failed program was:
| /* confdefs.h */
| #define PACKAGE_NAME "zfs"
| #define PACKAGE_TARNAME "zfs"
| #define PACKAGE_VERSION "2.3.3"
| #define PACKAGE_STRING "zfs 2.3.3"
| #define PACKAGE_BUGREPORT ""
| #define PACKAGE_URL ""
| #define ZFS_META_NAME "zfs"
| #define ZFS_META_VERSION "2.3.3"
| #define SPL_META_VERSION ZFS_META_VERSION
| #define ZFS_META_RELEASE "1"
| #define SPL_META_RELEASE ZFS_META_RELEASE
| #define ZFS_META_LICENSE "CDDL"
| #define ZFS_META_ALIAS "zfs-2.3.3-1"
| #define SPL_META_ALIAS ZFS_META_ALIAS
| #define ZFS_META_AUTHOR "OpenZFS"
| #define ZFS_META_KVER_MIN "4.18"
| #define ZFS_META_KVER_MAX "6.15"
| #define PACKAGE "zfs"
| #define VERSION "2.3.3"
| #define HAVE_STDIO_H 1
| #define HAVE_STDLIB_H 1
| #define HAVE_STRING_H 1
| #define HAVE_INTTYPES_H 1
| #define HAVE_STDINT_H 1
| #define HAVE_STRINGS_H 1
| #define HAVE_SYS_STAT_H 1
| #define HAVE_SYS_TYPES_H 1
| #define HAVE_UNISTD_H 1
| #define STDC_HEADERS 1
| #define HAVE_DLFCN_H 1
| #define LT_OBJDIR ".libs/"
| #define HAVE_INFINITE_RECURSION 1
| #define HAVE_KERNEL_INFINITE_RECURSION 1
| #define HAVE_IMPLICIT_FALLTHROUGH 1
| #define HAVE_FORMAT_OVERFLOW 1
| #define HAVE_SSE 1
| #define HAVE_SSE2 1
| #define HAVE_SSE3 1
| #define HAVE_SSSE3 1
| #define HAVE_SSE4_1 1
| #define HAVE_SSE4_2 1
| #define HAVE_AVX 1
| #define HAVE_AVX2 1
| #define HAVE_AVX512F 1
| #define HAVE_AVX512CD 1
| #define HAVE_AVX512DQ 1
| #define HAVE_AVX512BW 1
| #define HAVE_AVX512IFMA 1
| #define HAVE_AVX512VBMI 1
| #define HAVE_AVX512PF 1
| #define HAVE_AVX512ER 1
| #define HAVE_AVX512VL 1
| #define HAVE_AES 1
| #define HAVE_PCLMULQDQ 1
| #define HAVE_MOVBE 1
| #define HAVE_XSAVE 1
| #define HAVE_XSAVEOPT 1
| #define HAVE_XSAVES 1
| #define SYSTEM_LINUX 1
| #define HAVE_PYTHON "3.13"
| #define ENABLE_NLS 1
| #define HAVE_GETTEXT 1
| #define HAVE_DCGETTEXT 1
| #define HAVE_ZLIB 1
| #define HAVE_LIBUDEV 1
| #define HAVE_UDEV_DEVICE_GET_IS_INITIALIZED 1
| #define HAVE_LIBUUID 1
| #define HAVE_LIBBLKID 1
| #define HAVE_LIBTIRPC 1
| #define HAVE_LIBCRYPTO 1
| #define HAVE_LIBAIO 1
| #define LIBFETCH_IS_FETCH 0
| #define LIBFETCH_IS_LIBCURL 1
| #define LIBFETCH_DYNAMIC 1
| #define LIBFETCH_SONAME "libcurl.so.4"
| #define HAVE_AIO_H 1
| #define HAVE_SECURITY_PAM_MODULES_H 1
| #define HAVE_BACKTRACE 1
| #define HAVE_LIBUNWIND 1
| #define HAVE_LIBUNWIND_ELF 1
| /* end confdefs.h.  */
| 
| 
| 					#include <libunwind.h>
| 					#if !defined(_LIBUNWIND_HIGHEST_DWARF_REGISTER)
| 					#error "_LIBUNWIND_HIGHEST_DWARF_REGISTER is not defined"
| 					#endif
| 
| int
| main (void)
| {
| 
|   ;
|   return 0;
| }
configure:68019: result: no
configure:68067: checking makedev() is declared in sys/sysmacros.h
configure:68085: gcc -c -g -O2  conftest.c >&5
configure:68085: $? = 0
configure:68088: result: yes
configure:68104: checking makedev() is declared in sys/mkdev.h
configure:68122: gcc -c -g -O2  conftest.c >&5
conftest.c:85:26: fatal error: sys/mkdev.h: No such file or directory
   85 |                 #include <sys/mkdev.h>
      |                          ^~~~~~~~~~~~~
compilation terminated.
configure:68122: $? = 1
configure: failed program was:
| /* confdefs.h */
| #define PACKAGE_NAME "zfs"
| #define PACKAGE_TARNAME "zfs"
| #define PACKAGE_VERSION "2.3.3"
| #define PACKAGE_STRING "zfs 2.3.3"
| #define PACKAGE_BUGREPORT ""
| #define PACKAGE_URL ""
| #define ZFS_META_NAME "zfs"
| #define ZFS_META_VERSION "2.3.3"
| #define SPL_META_VERSION ZFS_META_VERSION
| #define ZFS_META_RELEASE "1"
| #define SPL_META_RELEASE ZFS_META_RELEASE
| #define ZFS_META_LICENSE "CDDL"
| #define ZFS_META_ALIAS "zfs-2.3.3-1"
| #define SPL_META_ALIAS ZFS_META_ALIAS
| #define ZFS_META_AUTHOR "OpenZFS"
| #define ZFS_META_KVER_MIN "4.18"
| #define ZFS_META_KVER_MAX "6.15"
| #define PACKAGE "zfs"
| #define VERSION "2.3.3"
| #define HAVE_STDIO_H 1
| #define HAVE_STDLIB_H 1
| #define HAVE_STRING_H 1
| #define HAVE_INTTYPES_H 1
| #define HAVE_STDINT_H 1
| #define HAVE_STRINGS_H 1
| #define HAVE_SYS_STAT_H 1
| #define HAVE_SYS_TYPES_H 1
| #define HAVE_UNISTD_H 1
| #define STDC_HEADERS 1
| #define HAVE_DLFCN_H 1
| #define LT_OBJDIR ".libs/"
| #define HAVE_INFINITE_RECURSION 1
| #define HAVE_KERNEL_INFINITE_RECURSION 1
| #define HAVE_IMPLICIT_FALLTHROUGH 1
| #define HAVE_FORMAT_OVERFLOW 1
| #define HAVE_SSE 1
| #define HAVE_SSE2 1
| #define HAVE_SSE3 1
| #define HAVE_SSSE3 1
| #define HAVE_SSE4_1 1
| #define HAVE_SSE4_2 1
| #define HAVE_AVX 1
| #define HAVE_AVX2 1
| #define HAVE_AVX512F 1
| #define HAVE_AVX512CD 1
| #define HAVE_AVX512DQ 1
| #define HAVE_AVX512BW 1
| #define HAVE_AVX512IFMA 1
| #define HAVE_AVX512VBMI 1
| #define HAVE_AVX512PF 1
| #define HAVE_AVX512ER 1
| #define HAVE_AVX512VL 1
| #define HAVE_AES 1
| #define HAVE_PCLMULQDQ 1
| #define HAVE_MOVBE 1
| #define HAVE_XSAVE 1
| #define HAVE_XSAVEOPT 1
| #define HAVE_XSAVES 1
| #define SYSTEM_LINUX 1
| #define HAVE_PYTHON "3.13"
| #define ENABLE_NLS 1
| #define HAVE_GETTEXT 1
| #define HAVE_DCGETTEXT 1
| #define HAVE_ZLIB 1
| #define HAVE_LIBUDEV 1
| #define HAVE_UDEV_DEVICE_GET_IS_INITIALIZED 1
| #define HAVE_LIBUUID 1
| #define HAVE_LIBBLKID 1
| #define HAVE_LIBTIRPC 1
| #define HAVE_LIBCRYPTO 1
| #define HAVE_LIBAIO 1
| #define LIBFETCH_IS_FETCH 0
| #define LIBFETCH_IS_LIBCURL 1
| #define LIBFETCH_DYNAMIC 1
| #define LIBFETCH_SONAME "libcurl.so.4"
| #define HAVE_AIO_H 1
| #define HAVE_SECURITY_PAM_MODULES_H 1
| #define HAVE_BACKTRACE 1
| #define HAVE_LIBUNWIND 1
| #define HAVE_LIBUNWIND_ELF 1
| #define HAVE_MAKEDEV_IN_SYSMACROS 1
| /* end confdefs.h.  */
| 
| 		#include <sys/mkdev.h>
| 
| int
| main (void)
| {
| 
| 		int k;
| 		k = makedev(0,0);
| 
|   ;
|   return 0;
| }
configure:68133: result: no
configure:68155: checking for execvpe
configure:68155: gcc -o conftest -g -O2   conftest.c  >&5
configure:68155: $? = 0
configure:68155: result: yes
configure:68161: checking for issetugid
configure:68161: gcc -o conftest -g -O2   conftest.c  >&5
/usr/bin/ld: /tmp/ccrbCnj2.o: in function `main':
/opt/github/Z-FORGE/zfs_build_tmp/zfs-2.3.3/conftest.c:112:(.text.startup+0x5): undefined reference to `issetugid'
collect2: error: ld returned 1 exit status
configure:68161: $? = 1
configure: failed program was:
| /* confdefs.h */
| #define PACKAGE_NAME "zfs"
| #define PACKAGE_TARNAME "zfs"
| #define PACKAGE_VERSION "2.3.3"
| #define PACKAGE_STRING "zfs 2.3.3"
| #define PACKAGE_BUGREPORT ""
| #define PACKAGE_URL ""
| #define ZFS_META_NAME "zfs"
| #define ZFS_META_VERSION "2.3.3"
| #define SPL_META_VERSION ZFS_META_VERSION
| #define ZFS_META_RELEASE "1"
| #define SPL_META_RELEASE ZFS_META_RELEASE
| #define ZFS_META_LICENSE "CDDL"
| #define ZFS_META_ALIAS "zfs-2.3.3-1"
| #define SPL_META_ALIAS ZFS_META_ALIAS
| #define ZFS_META_AUTHOR "OpenZFS"
| #define ZFS_META_KVER_MIN "4.18"
| #define ZFS_META_KVER_MAX "6.15"
| #define PACKAGE "zfs"
| #define VERSION "2.3.3"
| #define HAVE_STDIO_H 1
| #define HAVE_STDLIB_H 1
| #define HAVE_STRING_H 1
| #define HAVE_INTTYPES_H 1
| #define HAVE_STDINT_H 1
| #define HAVE_STRINGS_H 1
| #define HAVE_SYS_STAT_H 1
| #define HAVE_SYS_TYPES_H 1
| #define HAVE_UNISTD_H 1
| #define STDC_HEADERS 1
| #define HAVE_DLFCN_H 1
| #define LT_OBJDIR ".libs/"
| #define HAVE_INFINITE_RECURSION 1
| #define HAVE_KERNEL_INFINITE_RECURSION 1
| #define HAVE_IMPLICIT_FALLTHROUGH 1
| #define HAVE_FORMAT_OVERFLOW 1
| #define HAVE_SSE 1
| #define HAVE_SSE2 1
| #define HAVE_SSE3 1
| #define HAVE_SSSE3 1
| #define HAVE_SSE4_1 1
| #define HAVE_SSE4_2 1
| #define HAVE_AVX 1
| #define HAVE_AVX2 1
| #define HAVE_AVX512F 1
| #define HAVE_AVX512CD 1
| #define HAVE_AVX512DQ 1
| #define HAVE_AVX512BW 1
| #define HAVE_AVX512IFMA 1
| #define HAVE_AVX512VBMI 1
| #define HAVE_AVX512PF 1
| #define HAVE_AVX512ER 1
| #define HAVE_AVX512VL 1
| #define HAVE_AES 1
| #define HAVE_PCLMULQDQ 1
| #define HAVE_MOVBE 1
| #define HAVE_XSAVE 1
| #define HAVE_XSAVEOPT 1
| #define HAVE_XSAVES 1
| #define SYSTEM_LINUX 1
| #define HAVE_PYTHON "3.13"
| #define ENABLE_NLS 1
| #define HAVE_GETTEXT 1
| #define HAVE_DCGETTEXT 1
| #define HAVE_ZLIB 1
| #define HAVE_LIBUDEV 1
| #define HAVE_UDEV_DEVICE_GET_IS_INITIALIZED 1
| #define HAVE_LIBUUID 1
| #define HAVE_LIBBLKID 1
| #define HAVE_LIBTIRPC 1
| #define HAVE_LIBCRYPTO 1
| #define HAVE_LIBAIO 1
| #define LIBFETCH_IS_FETCH 0
| #define LIBFETCH_IS_LIBCURL 1
| #define LIBFETCH_DYNAMIC 1
| #define LIBFETCH_SONAME "libcurl.so.4"
| #define HAVE_AIO_H 1
| #define HAVE_SECURITY_PAM_MODULES_H 1
| #define HAVE_BACKTRACE 1
| #define HAVE_LIBUNWIND 1
| #define HAVE_LIBUNWIND_ELF 1
| #define HAVE_MAKEDEV_IN_SYSMACROS 1
| #define HAVE_EXECVPE 1
| /* end confdefs.h.  */
| /* Define issetugid to an innocuous variant, in case <limits.h> declares issetugid.
|    For example, HP-UX 11i <limits.h> declares gettimeofday.  */
| #define issetugid innocuous_issetugid
| 
| /* System header to define __stub macros and hopefully few prototypes,
|    which can conflict with char issetugid (void); below.  */
| 
| #include <limits.h>
| #undef issetugid
| 
| /* Override any GCC internal prototype to avoid an error.
|    Use char because int might match the return type of a GCC
|    builtin and then its argument prototype would still apply.  */
| #ifdef __cplusplus
| extern "C"
| #endif
| char issetugid (void);
| /* The GNU C library defines this for functions which it implements
|     to always fail with ENOSYS.  Some functions are actually named
|     something starting with __ and the normal name is an alias.  */
| #if defined __stub_issetugid || defined __stub___issetugid
| choke me
| #endif
| 
| int
| main (void)
| {
| return issetugid ();
|   ;
|   return 0;
| }
configure:68161: result: no
configure:68167: checking for mlockall
configure:68167: gcc -o conftest -g -O2   conftest.c  >&5
configure:68167: $? = 0
configure:68167: result: yes
configure:68173: checking for strlcat
configure:68173: gcc -o conftest -g -O2   conftest.c  >&5
configure:68173: $? = 0
configure:68173: result: yes
configure:68179: checking for strlcpy
configure:68179: gcc -o conftest -g -O2   conftest.c  >&5
configure:68179: $? = 0
configure:68179: result: yes
configure:68185: checking for gettid
configure:68185: gcc -o conftest -g -O2   conftest.c  >&5
configure:68185: $? = 0
configure:68185: result: yes
configure:115386: checking os distribution
configure:115442: result: debian
configure:115446: checking default package type
configure:115459: result: deb
configure:115463: checking default init directory
configure:115469: result: /etc/init.d
configure:115473: checking default shell
configure:115484: result: /bin/sh
configure:115489: checking default nfs server init script
configure:115499: result: nfs-kernel-server
configure:115503: checking default init config directory
configure:115520: result: /etc/default
configure:115524: checking whether initramfs-tools is available
configure:115528: result: yes
configure:115537: checking default bash completion directory
configure:115550: result: /usr/share/bash-completion/completions
configure:115562: checking whether rpm is available
configure:115569: result: yes (4.20.1)
configure:115581: checking whether rpmbuild is available
configure:115588: result: yes (4.20.1)
configure:115685: checking whether spec files are available
configure:115687: result: yes (rpm/generic/*.spec.in)
configure:115712: checking whether dpkg is available
configure:115719: result: yes (1.22.21)
configure:115731: checking whether dpkg-buildpackage is available
configure:115739: result: yes (1.22.21.)
configure:115764: checking whether alien is available
configure:115774: result: yes (8.95.8)
configure:115797: checking whether assertion support will be enabled
configure:115892: result: no
configure:115896: checking whether debuginfo support will be forced
configure:115932: result: no
configure:115936: checking whether basic kmem accounting is enabled
configure:115964: result: no
configure:115968: checking whether detailed kmem tracking is enabled
configure:115996: result: no
configure:116000: checking whether FreeBSD kernel INVARIANTS checks are enabled
configure:116035: result: no
configure:116160: checking that generated files are newer than configure
configure:116166: result: done
configure:116293: creating ./config.status

## ---------------------- ##
## Running config.status. ##
## ---------------------- ##

This file was extended by zfs config.status 2.3.3, which was
generated by GNU Autoconf 2.72.  Invocation command line was

  CONFIG_FILES    = 
  CONFIG_HEADERS  = 
  CONFIG_LINKS    = 
  CONFIG_COMMANDS = 
  $ ./config.status 

on lonenomad

config.status:1545: creating contrib/debian/rules
config.status:1545: creating contrib/debian/changelog
config.status:1545: creating Makefile
config.status:1545: creating include/Makefile
config.status:1545: creating lib/libzfs/libzfs.pc
config.status:1545: creating lib/libzfs_core/libzfs_core.pc
config.status:1545: creating lib/libzfsbootenv/libzfsbootenv.pc
config.status:1545: creating module/Kbuild
config.status:1545: creating module/Makefile
config.status:1545: creating rpm/generic/zfs-dkms.spec
config.status:1545: creating rpm/generic/zfs-kmod.spec
config.status:1545: creating rpm/generic/zfs.spec
config.status:1545: creating rpm/redhat/zfs-dkms.spec
config.status:1545: creating rpm/redhat/zfs-kmod.spec
config.status:1545: creating rpm/redhat/zfs.spec
config.status:1545: creating tests/zfs-tests/tests/Makefile
config.status:1545: creating zfs.release
config.status:1545: creating zfs_config.h
config.status:1774: executing depfiles commands
config.status:1853: cd .       && sed -e '/# am--include-marker/d' Makefile         | make -f - am--depfiles
make[1]: Entering directory '/opt/github/Z-FORGE/zfs_build_tmp/zfs-2.3.3'
make[1]: Leaving directory '/opt/github/Z-FORGE/zfs_build_tmp/zfs-2.3.3'
config.status:1858: $? = 0
config.status:1774: executing libtool commands
config.status:1774: executing po-directories commands

## ---------------- ##
## Cache variables. ##
## ---------------- ##

ac_cv_build=x86_64-pc-linux-gnu
ac_cv_c_compiler_gnu=yes
ac_cv_env_AIO_H_CFLAGS_set=
ac_cv_env_AIO_H_CFLAGS_value=
ac_cv_env_AIO_H_LIBS_set=
ac_cv_env_AIO_H_LIBS_value=
ac_cv_env_CCASFLAGS_set=
ac_cv_env_CCASFLAGS_value=
ac_cv_env_CCAS_set=
ac_cv_env_CCAS_value=
ac_cv_env_CC_set=
ac_cv_env_CC_value=
ac_cv_env_CFLAGS_set=
ac_cv_env_CFLAGS_value=
ac_cv_env_CPPFLAGS_set=
ac_cv_env_CPPFLAGS_value=
ac_cv_env_KERNEL_ARCH_set=
ac_cv_env_KERNEL_ARCH_value=
ac_cv_env_KERNEL_CC_set=
ac_cv_env_KERNEL_CC_value=
ac_cv_env_KERNEL_CROSS_COMPILE_set=
ac_cv_env_KERNEL_CROSS_COMPILE_value=
ac_cv_env_KERNEL_LD_set=
ac_cv_env_KERNEL_LD_value=
ac_cv_env_KERNEL_LLVM_set=
ac_cv_env_KERNEL_LLVM_value=
ac_cv_env_LDFLAGS_set=
ac_cv_env_LDFLAGS_value=
ac_cv_env_LIBAIO_CFLAGS_set=
ac_cv_env_LIBAIO_CFLAGS_value=
ac_cv_env_LIBAIO_LIBS_set=
ac_cv_env_LIBAIO_LIBS_value=
ac_cv_env_LIBBLKID_CFLAGS_set=
ac_cv_env_LIBBLKID_CFLAGS_value=
ac_cv_env_LIBBLKID_LIBS_set=
ac_cv_env_LIBBLKID_LIBS_value=
ac_cv_env_LIBCRYPTO_CFLAGS_set=
ac_cv_env_LIBCRYPTO_CFLAGS_value=
ac_cv_env_LIBCRYPTO_LIBS_set=
ac_cv_env_LIBCRYPTO_LIBS_value=
ac_cv_env_LIBS_set=
ac_cv_env_LIBS_value=
ac_cv_env_LIBTIRPC_CFLAGS_set=
ac_cv_env_LIBTIRPC_CFLAGS_value=
ac_cv_env_LIBTIRPC_LIBS_set=
ac_cv_env_LIBTIRPC_LIBS_value=
ac_cv_env_LIBUDEV_CFLAGS_set=
ac_cv_env_LIBUDEV_CFLAGS_value=
ac_cv_env_LIBUDEV_LIBS_set=
ac_cv_env_LIBUDEV_LIBS_value=
ac_cv_env_LIBUNWIND_CFLAGS_set=
ac_cv_env_LIBUNWIND_CFLAGS_value=
ac_cv_env_LIBUNWIND_LIBS_set=
ac_cv_env_LIBUNWIND_LIBS_value=
ac_cv_env_LIBUUID_CFLAGS_set=
ac_cv_env_LIBUUID_CFLAGS_value=
ac_cv_env_LIBUUID_LIBS_set=
ac_cv_env_LIBUUID_LIBS_value=
ac_cv_env_LT_SYS_LIBRARY_PATH_set=
ac_cv_env_LT_SYS_LIBRARY_PATH_value=
ac_cv_env_PKG_CONFIG_LIBDIR_set=
ac_cv_env_PKG_CONFIG_LIBDIR_value=
ac_cv_env_PKG_CONFIG_PATH_set=
ac_cv_env_PKG_CONFIG_PATH_value=
ac_cv_env_PKG_CONFIG_set=
ac_cv_env_PKG_CONFIG_value=
ac_cv_env_PYTHON_VERSION_set=
ac_cv_env_PYTHON_VERSION_value=
ac_cv_env_PYTHON_set=
ac_cv_env_PYTHON_value=
ac_cv_env_TEST_JOBS_set=
ac_cv_env_TEST_JOBS_value=
ac_cv_env_ZLIB_CFLAGS_set=
ac_cv_env_ZLIB_CFLAGS_value=
ac_cv_env_ZLIB_LIBS_set=
ac_cv_env_ZLIB_LIBS_value=
ac_cv_env_build_alias_set=
ac_cv_env_build_alias_value=
ac_cv_env_host_alias_set=
ac_cv_env_host_alias_value=
ac_cv_env_target_alias_set=
ac_cv_env_target_alias_value=
ac_cv_func_clock_gettime=yes
ac_cv_func_execvpe=yes
ac_cv_func_gettid=yes
ac_cv_func_issetugid=no
ac_cv_func_mlockall=yes
ac_cv_func_strlcat=yes
ac_cv_func_strlcpy=yes
ac_cv_func_udev_device_get_is_initialized=yes
ac_cv_header_aio_h=yes
ac_cv_header_blkid_blkid_h=yes
ac_cv_header_dlfcn_h=yes
ac_cv_header_inttypes_h=yes
ac_cv_header_libaio_h=yes
ac_cv_header_libudev_h=yes
ac_cv_header_libunwind_h=yes
ac_cv_header_openssl_evp_h=yes
ac_cv_header_rpc_xdr_h=yes
ac_cv_header_security_pam_modules_h=yes
ac_cv_header_stdint_h=yes
ac_cv_header_stdio_h=yes
ac_cv_header_stdlib_h=yes
ac_cv_header_string_h=yes
ac_cv_header_strings_h=yes
ac_cv_header_sys_stat_h=yes
ac_cv_header_sys_types_h=yes
ac_cv_header_unistd_h=yes
ac_cv_header_uuid_uuid_h=yes
ac_cv_header_zlib_h=yes
ac_cv_host=x86_64-pc-linux-gnu
ac_cv_inplace=--in-place
ac_cv_lib_aio_main=yes
ac_cv_lib_blkid_main=yes
ac_cv_lib_crypto_PKCS5_PBKDF2_HMAC_SHA1=yes
ac_cv_lib_rt_lio_listio=yes
ac_cv_lib_tirpc_xdrmem_create=yes
ac_cv_lib_udev_main=yes
ac_cv_lib_unwind_main=yes
ac_cv_lib_uuid_uuid_generate=yes
ac_cv_lib_uuid_uuid_is_null=yes
ac_cv_lib_z_compress2=yes
ac_cv_lib_z_crc32=yes
ac_cv_lib_z_uncompress=yes
ac_cv_objext=o
ac_cv_path_EGREP='/usr/bin/grep -E'
ac_cv_path_EGREP_TRADITIONAL='/usr/bin/grep -E'
ac_cv_path_FGREP='/usr/bin/grep -F'
ac_cv_path_GMSGFMT=/usr/bin/msgfmt
ac_cv_path_GREP=/usr/bin/grep
ac_cv_path_MSGFMT=/usr/bin/msgfmt
ac_cv_path_MSGMERGE=/usr/bin/msgmerge
ac_cv_path_PYTHON=/usr/local/bin/python3.13
ac_cv_path_SED=/usr/bin/sed
ac_cv_path_XGETTEXT=/usr/bin/xgettext
ac_cv_path_ac_pt_PKG_CONFIG=/usr/bin/pkg-config
ac_cv_path_install='/usr/local/bin/install -c'
ac_cv_path_lt_DD=/usr/local/bin/dd
ac_cv_path_mkdir=/usr/local/bin/mkdir
ac_cv_prog_AWK=gawk
ac_cv_prog_CHECKBASHISMS=yes
ac_cv_prog_FILECMD=file
ac_cv_prog_PARALLEL=yes
ac_cv_prog_PYTHON=python3
ac_cv_prog_SHELLCHECK=yes
ac_cv_prog_ac_ct_AR=ar
ac_cv_prog_ac_ct_CC=gcc
ac_cv_prog_ac_ct_MANIFEST_TOOL=mt
ac_cv_prog_ac_ct_OBJDUMP=objdump
ac_cv_prog_ac_ct_RANLIB=ranlib
ac_cv_prog_ac_ct_STRIP=strip
ac_cv_prog_cc_c11=
ac_cv_prog_cc_g=yes
ac_cv_prog_cc_stdc=
ac_cv_prog_make_make_set=yes
ac_cv_search_backtrace='none required'
ac_cv_search_xdrmem_create=no
ac_cv_target=x86_64-pc-linux-gnu
acl_cv_hardcode_direct=no
acl_cv_hardcode_libdir_flag_spec='${wl}-rpath ${wl}$libdir'
acl_cv_hardcode_libdir_separator=
acl_cv_hardcode_minus_L=no
acl_cv_libdirstems=lib,lib
acl_cv_libext=a
acl_cv_libname_spec='lib$name'
acl_cv_library_names_spec='$libname$shrext'
acl_cv_prog_gnu_ld=yes
acl_cv_rpath=done
acl_cv_shlibext=so
acl_cv_wl=-Wl,
am_cv_CCAS_dependencies_compiler_type=gcc3
am_cv_CC_dependencies_compiler_type=gcc3
am_cv_filesystem_timestamp_resolution=0.01
am_cv_make_support_nested_variables=yes
am_cv_prog_cc_c_o=yes
am_cv_prog_tar_pax=gnutar
am_cv_python_platform=linux
am_cv_python_pyexecdir='${PYTHON_EXEC_PREFIX}/lib/python3.13/site-packages'
am_cv_python_pythondir='${PYTHON_PREFIX}/lib/python3.13/site-packages'
am_cv_python_version=3.13
am_cv_sleep_fractional_seconds=yes
am_cv_xargs_n_works=yes
gl_cv_host_cpu_c_abi_32bit=no
gt_cv_func_CFLocaleCopyPreferredLanguages=no
gt_cv_func_CFPreferencesCopyAppValue=no
gt_cv_func_gnugettext1_libc=yes
lt_cv_ar_at_file=@
lt_cv_archive_cmds_need_lc=no
lt_cv_deplibs_check_method=pass_all
lt_cv_file_magic_cmd='$MAGIC_CMD'
lt_cv_file_magic_test_file=
lt_cv_ld_reload_flag=-r
lt_cv_nm_interface='BSD nm'
lt_cv_objdir=.libs
lt_cv_path_LD=/usr/bin/ld
lt_cv_path_NM='/usr/bin/nm -B'
lt_cv_path_manifest_tool=no
lt_cv_prog_compiler_c_o=yes
lt_cv_prog_compiler_pic='-fPIC -DPIC'
lt_cv_prog_compiler_pic_works=yes
lt_cv_prog_compiler_rtti_exceptions=no
lt_cv_prog_compiler_static_works=yes
lt_cv_prog_gnu_ld=yes
lt_cv_sharedlib_from_linklib_cmd='printf %s\n'
lt_cv_shlibpath_overrides_runpath=yes
lt_cv_sys_global_symbol_pipe='/usr/bin/sed -n -e '\''s/^.*[	 ]\([ABCDGIRSTW][ABCDGIRSTW]*\)[	 ][	 ]*\([_A-Za-z][_A-Za-z0-9]*\)$/\1 \2 \2/p'\'' | /usr/bin/sed '\''/ __gnu_lto/d'\'''
lt_cv_sys_global_symbol_to_c_name_address='/usr/bin/sed -n -e '\''s/^: \(.*\) .*$/  {"\1", (void *) 0},/p'\'' -e '\''s/^[ABCDGIRSTW][ABCDGIRSTW]* .* \(.*\)$/  {"\1", (void *) \&\1},/p'\'''
lt_cv_sys_global_symbol_to_c_name_address_lib_prefix='/usr/bin/sed -n -e '\''s/^: \(.*\) .*$/  {"\1", (void *) 0},/p'\'' -e '\''s/^[ABCDGIRSTW][ABCDGIRSTW]* .* \(lib.*\)$/  {"\1", (void *) \&\1},/p'\'' -e '\''s/^[ABCDGIRSTW][ABCDGIRSTW]* .* \(.*\)$/  {"lib\1", (void *) \&\1},/p'\'''
lt_cv_sys_global_symbol_to_cdecl='/usr/bin/sed -n -e '\''s/^T .* \(.*\)$/extern int \1();/p'\'' -e '\''s/^[ABCDGIRSTW][ABCDGIRSTW]* .* \(.*\)$/extern char \1;/p'\'''
lt_cv_sys_global_symbol_to_import=
lt_cv_sys_max_cmd_len=1572864
lt_cv_to_host_file_cmd=func_convert_file_noop
lt_cv_to_tool_file_cmd=func_convert_file_noop
lt_cv_truncate_bin='/usr/local/bin/dd bs=4096 count=1'
pkg_cv_LIBBLKID_CFLAGS='-I/usr/include/blkid '
pkg_cv_LIBBLKID_LIBS='-lblkid '
pkg_cv_LIBCRYPTO_CFLAGS=
pkg_cv_LIBCRYPTO_LIBS='-lcrypto '
pkg_cv_LIBTIRPC_CFLAGS='-I/usr/include/tirpc '
pkg_cv_LIBTIRPC_LIBS='-ltirpc '
pkg_cv_LIBUDEV_CFLAGS=
pkg_cv_LIBUDEV_LIBS='-ludev '
pkg_cv_LIBUNWIND_CFLAGS='-I/usr/include/x86_64-linux-gnu '
pkg_cv_LIBUNWIND_LIBS='-lunwind '
pkg_cv_LIBUUID_CFLAGS='-I/usr/include/uuid '
pkg_cv_LIBUUID_LIBS='-luuid '
pkg_cv_ZLIB_CFLAGS=
pkg_cv_ZLIB_LIBS='-lz '

## ----------------- ##
## Output variables. ##
## ----------------- ##















	@echo "Need to reconfigure with --enable-code-coverage"
	@echo "Need to reconfigure with --enable-code-coverage"
 $(CODE_COVERAGE_IGNORE_PATTERN);
 $(CODE_COVERAGE_OUTPUT_FILE);
#
#
#    $(PACKAGE_NAME)-$(PACKAGE_VERSION)-coverage)
#    $(PACKAGE_NAME)-$(PACKAGE_VERSION)-coverage.info)
#    (Default: $(top_builddir))
#    (Default: empty)
#    Multiple directories may be specified, separated by whitespace.
#    by lcov for code coverage. (Default:
#    collecting lcov instance. (Default: $CODE_COVERAGE_LCOV_OPTIONS_GCOVPATH)
#    genhtml instance. (Default: based on $CODE_COVERAGE_BRANCH_COVERAGE)
#    instance. (Default: $CODE_COVERAGE_GENHTML_OPTIONS_DEFAULT)
#    instance. (Default: $CODE_COVERAGE_LCOV_OPTIONS_DEFAULT)
#    instance. (Default: $CODE_COVERAGE_LCOV_RMOPTS_DEFAULT)
#    instances. (Default: $CODE_COVERAGE_LCOV_SHOPTS_DEFAULT)
#    instances. (Default: based on $CODE_COVERAGE_BRANCH_COVERAGE)
#    lcov instance. (Default: empty)
#    reports to be created. (Default:
#    set to 0 to disable it and leave empty to stay with the default.
#  - CODE_COVERAGE_BRANCH_COVERAGE: Set to 1 to enforce branch coverage,
#  - CODE_COVERAGE_DIRECTORY: Top-level directory for code coverage reporting.
#  - CODE_COVERAGE_GENHTML_OPTIONS: Extra options to pass to the genhtml
#  - CODE_COVERAGE_GENHTML_OPTIONS_DEFAULT: Extra options to pass to the
#  - CODE_COVERAGE_IGNORE_PATTERN: Extra glob pattern of files to ignore
#  - CODE_COVERAGE_LCOV_OPTIONS: Extra options to pass to the collecting lcov
#  - CODE_COVERAGE_LCOV_OPTIONS_DEFAULT: Extra options to pass to the
#  - CODE_COVERAGE_LCOV_OPTIONS_GCOVPATH: --gcov-tool pathtogcov
#  - CODE_COVERAGE_LCOV_RMOPTS: Extra options to pass to the filtering lcov
#  - CODE_COVERAGE_LCOV_RMOPTS_DEFAULT: Extra options to pass to the filtering
#  - CODE_COVERAGE_LCOV_SHOPTS: Extra options to shared between both lcov
#  - CODE_COVERAGE_LCOV_SHOPTS_DEFAULT: Extra options shared between both lcov
#  - CODE_COVERAGE_OUTPUT_DIRECTORY: Directory for generated code coverage
#  - CODE_COVERAGE_OUTPUT_FILE: Filename and path for the .info file generated
# $(PACKAGE_VERSION). In order to add the current git hash to the title,
# Add any folders you want to ignore here
# Capture code coverage data
# Code coverage
# Hook rule executed before code-coverage-capture, overridable by the user
# Ignore tmp and tests themselves
# Optional variables
# Optional:
# The generated report will be titled using the $(PACKAGE_NAME) and
# Use recursive makes in order to ignore errors during check
# sanitizes the test-name: replaces with underscores: dashes and dots
# use the git-version-gen script, available online.
$(if $(CODE_COVERAGE_BRANCH_COVERAGE),\
'
--rc genhtml_branch_coverage=$(CODE_COVERAGE_BRANCH_COVERAGE))
--rc lcov_branch_coverage=$(CODE_COVERAGE_BRANCH_COVERAGE))
.PHONY: check-code-coverage code-coverage-capture code-coverage-capture-hook code-coverage-clean
ACLOCAL='${SHELL} '\''/opt/github/Z-FORGE/zfs_build_tmp/zfs-2.3.3/config/missing'\'' aclocal-1.17'
AIO_H_CFLAGS=''
AIO_H_LIBS=' -lrt'
AIO_H_PC=''
ALIEN='alien'
ALIEN_MAJOR='8'
ALIEN_MINOR='95'
ALIEN_POINT='8'
ALIEN_VERSION='8.95.8'
AMDEPBACKSLASH='\'
AMDEP_FALSE='#'
AMDEP_TRUE=''
AMTAR='$${TAR-tar}'
AM_BACKSLASH='\'
AM_DEFAULT_V='$(AM_DEFAULT_VERBOSITY)'
AM_DEFAULT_VERBOSITY='0'
AM_DISTCHECK_CONFIGURE_FLAGS += --disable-code-coverage
AM_DISTCHECK_CONFIGURE_FLAGS ?=
AM_V='$(V)'
AR='ar'
ASAN_CFLAGS=''
ASAN_ENABLED='no'
ASAN_ENABLED_FALSE=''
ASAN_ENABLED_TRUE='#'
ASAN_LDFLAGS=''
ASAN_ZFS='_without_asan'
AUTOCONF='${SHELL} '\''/opt/github/Z-FORGE/zfs_build_tmp/zfs-2.3.3/config/missing'\'' autoconf'
AUTOHEADER='${SHELL} '\''/opt/github/Z-FORGE/zfs_build_tmp/zfs-2.3.3/config/missing'\'' autoheader'
AUTOMAKE='${SHELL} '\''/opt/github/Z-FORGE/zfs_build_tmp/zfs-2.3.3/config/missing'\'' automake-1.17'
AWK='gawk'
BACKTRACE_LIBS=''
BUILD_FREEBSD_FALSE=''
BUILD_FREEBSD_TRUE='#'
BUILD_LINUX_FALSE='#'
BUILD_LINUX_TRUE=''
CC='gcc'
CCAS='gcc'
CCASDEPMODE='depmode=gcc3'
CCASFLAGS='-g -O2'
CCDEPMODE='depmode=gcc3'
CFGOPTS='--prefix=/usr --sysconfdir=/etc --localstatedir=/var --libdir=/usr/lib/x86_64-linux-gnu --with-config=user --enable-systemd --enable-pyzfs'
CFLAGS='-g -O2'
CHECKBASHISMS='yes'
CODE_COVERAGE_BRANCH_COVERAGE ?=
CODE_COVERAGE_CFLAGS=''
CODE_COVERAGE_CPPFLAGS=''
CODE_COVERAGE_CXXFLAGS=''
CODE_COVERAGE_DIRECTORY ?= $(top_builddir)
CODE_COVERAGE_ENABLED='no'
CODE_COVERAGE_ENABLED_FALSE=''
CODE_COVERAGE_ENABLED_TRUE='#'
CODE_COVERAGE_GENHTML_OPTIONS ?= $(CODE_COVERAGE_GENHTML_OPTIONS_DEFAULT)
CODE_COVERAGE_GENHTML_OPTIONS_DEFAULT ?=\
CODE_COVERAGE_IGNORE_PATTERN += "*/module/zfs/lz4.c"
CODE_COVERAGE_IGNORE_PATTERN += "*/module/zstd/lib/*"
CODE_COVERAGE_IGNORE_PATTERN ?= "/tmp/*" "*/tests/*"
CODE_COVERAGE_LCOV_OPTIONS ?= $(CODE_COVERAGE_LCOV_OPTIONS_DEFAULT)
CODE_COVERAGE_LCOV_OPTIONS_DEFAULT ?= $(CODE_COVERAGE_LCOV_OPTIONS_GCOVPATH)
CODE_COVERAGE_LCOV_OPTIONS_GCOVPATH ?= --gcov-tool "$(GCOV)"
CODE_COVERAGE_LCOV_RMOPTS ?= $(CODE_COVERAGE_LCOV_RMOPTS_DEFAULT)
CODE_COVERAGE_LCOV_RMOPTS_DEFAULT ?=
CODE_COVERAGE_LCOV_SHOPTS ?= $(CODE_COVERAGE_LCOV_SHOPTS_DEFAULT)
CODE_COVERAGE_LCOV_SHOPTS_DEFAULT ?= $(if $(CODE_COVERAGE_BRANCH_COVERAGE),\
CODE_COVERAGE_LDFLAGS=''
CODE_COVERAGE_LIBS=''
CODE_COVERAGE_OUTPUT_DIRECTORY ?= $(PACKAGE_NAME)-$(PACKAGE_VERSION)-coverage
CODE_COVERAGE_OUTPUT_FILE ?= $(PACKAGE_NAME)-$(PACKAGE_VERSION)-coverage.info
CODE_COVERAGE_RULES='
CONFIG_KERNEL_FALSE=''
CONFIG_KERNEL_TRUE='#'
CONFIG_QAT_FALSE=''
CONFIG_QAT_TRUE='#'
CONFIG_USER_FALSE='#'
CONFIG_USER_TRUE=''
CPPCHECK='@printf "skipping cppcheck because cppcheck is not installed\n"'
CPPFLAGS=''
CPU_COUNT='22'
CSCOPE='cscope'
CTAGS='ctags'
CYGPATH_W='echo'
DEBUGINFO_ZFS='_without_debuginfo'
DEBUG_CFLAGS=''
DEBUG_CPPFLAGS='-UDEBUG -DNDEBUG'
DEBUG_KMEM_TRACKING_ZFS='_without_debug_kmem_tracking'
DEBUG_KMEM_ZFS='_without_debug_kmem'
DEBUG_LDFLAGS=''
DEBUG_ZFS='_without_debug'
DEFAULT_INIT_NFS_SERVER='nfs-kernel-server'
DEFAULT_INIT_SHELL='/bin/sh'
DEFAULT_PACKAGE='deb'
DEFINE_PAM='--with pam'
DEFINE_PYTHON_PKG_VERSION=''
DEFINE_PYTHON_VERSION=''
DEFINE_PYZFS='--with pyzfs'
DEFINE_SYSTEMD='--with systemd --define "_unitdir $(systemdunitdir)" --define "_presetdir $(systemdpresetdir)" --define "_generatordir $(systemdgeneratordir)"'
DEFS='-DHAVE_CONFIG_H'
DEPDIR='.deps'
DLLTOOL='false'
DPKG='dpkg'
DPKGBUILD='dpkg-buildpackage'
DPKGBUILD_VERSION='1.22.21.'
DPKG_VERSION='1.22.21'
DSYMUTIL=''
DUMPBIN=''
ECHO_C=''
ECHO_N='-n'
ECHO_T=''
EGREP='/usr/bin/grep -E'
ETAGS='etags'
EXEEXT=''
FGREP='/usr/bin/grep -F'
FILECMD='file'
FORMAT_OVERFLOW='-Wformat-overflow'
FRAME_LARGER_THAN='-Wframe-larger-than=4096'
GCOV=''
GENHTML=''
GETTEXT_MACRO_VERSION='0.20'
GITIGNOREFILES += $(CODE_COVERAGE_OUTPUT_FILE) $(CODE_COVERAGE_OUTPUT_DIRECTORY)
GITIGNOREFILES ?=
GMSGFMT='/usr/bin/msgfmt'
GMSGFMT_015='/usr/bin/msgfmt'
GREP='/usr/bin/grep'
HAVE_ALIEN='yes'
HAVE_CHECKBASHISMS_FALSE='#'
HAVE_CHECKBASHISMS_TRUE=''
HAVE_DPKG='yes'
HAVE_DPKGBUILD='yes'
HAVE_PARALLEL_FALSE='#'
HAVE_PARALLEL_TRUE=''
HAVE_RPM='yes'
HAVE_RPMBUILD='yes'
HAVE_SHELLCHECK_FALSE='#'
HAVE_SHELLCHECK_TRUE=''
IMPLICIT_FALLTHROUGH='-Wimplicit-fallthrough'
INFINITE_RECURSION='-Winfinite-recursion'
INIT_SYSTEMD_FALSE='#'
INIT_SYSTEMD_TRUE=''
INIT_SYSV_FALSE='#'
INIT_SYSV_TRUE=''
INSTALL_DATA='${INSTALL} -m 644'
INSTALL_PROGRAM='${INSTALL}'
INSTALL_SCRIPT='${INSTALL}'
INSTALL_STRIP_PROGRAM='$(install_sh) -c -s'
INTLLIBS=''
INTL_MACOSX_LIBS=''
IS_SYSV_RC='true'
KERNEL_ARCH=''
KERNEL_CC=''
KERNEL_CROSS_COMPILE=''
KERNEL_DEBUG_CFLAGS=''
KERNEL_DEBUG_CPPFLAGS='-UDEBUG -DNDEBUG'
KERNEL_INFINITE_RECURSION='-Winfinite-recursion'
KERNEL_LD=''
KERNEL_LLVM=''
KERNEL_MAKE=''
KERNEL_NO_IPA_SRA='-fno-ipa-sra'
LCOV=''
LD='/usr/bin/ld -m elf_x86_64'
LDFLAGS=''
LIBAIO_CFLAGS=''
LIBAIO_LIBS=' -laio'
LIBAIO_PC=''
LIBATOMIC_LIBS=''
LIBBLKID_CFLAGS='-I/usr/include/blkid '
LIBBLKID_LIBS='-lblkid '
LIBBLKID_PC='blkid'
LIBCLOCK_GETTIME=''
LIBCRYPTO_CFLAGS=''
LIBCRYPTO_LIBS='-lcrypto '
LIBCRYPTO_PC='libcrypto'
LIBFETCH_DYNAMIC='1'
LIBFETCH_LIBS='-ldl'
LIBFETCH_SONAME='libcurl.so.4'
LIBICONV='-liconv'
LIBINTL=''
LIBOBJS=''
LIBS=''
LIBTIRPC_CFLAGS='-I/usr/include/tirpc '
LIBTIRPC_LIBS='-ltirpc '
LIBTIRPC_PC='libtirpc'
LIBTOOL='$(SHELL) $(top_builddir)/libtool'
LIBUDEV_CFLAGS=''
LIBUDEV_LIBS='-ludev '
LIBUDEV_PC='libudev'
LIBUNWIND_CFLAGS='-I/usr/include/x86_64-linux-gnu '
LIBUNWIND_LIBS='-lunwind '
LIBUNWIND_PC='libunwind'
LIBUUID_CFLAGS='-I/usr/include/uuid '
LIBUUID_LIBS='-luuid '
LIBUUID_PC='uuid'
LINUX=''
LINUX_OBJ=''
LINUX_SYMBOLS=''
LINUX_VERSION=''
LIPO=''
LN_S='ln -s'
LTLIBICONV='-liconv'
LTLIBINTL=''
LTLIBOBJS=''
LT_SYS_LIBRARY_PATH=''
MAINT='#'
MAINTAINER_MODE_FALSE=''
MAINTAINER_MODE_TRUE='#'
MAKEINFO='${SHELL} '\''/opt/github/Z-FORGE/zfs_build_tmp/zfs-2.3.3/config/missing'\'' makeinfo'
MANIFEST_TOOL=':'
MKDIR_P='/usr/local/bin/mkdir -p'
MSGFMT='/usr/bin/msgfmt'
MSGMERGE='/usr/bin/msgmerge'
MSGMERGE_FOR_MSGFMT_OPTION='--for-msgfmt'
MULTIARCH_LIBDIR='lib/x86_64-linux-gnu'
NM='/usr/bin/nm -B'
NMEDIT=''
NO_CLOBBERED='-Wno-clobbered'
NO_FORMAT_TRUNCATION='-Wno-format-truncation'
NO_FORMAT_ZERO_LENGTH='-Wno-format-zero-length'
NO_IPA_SRA='-fno-ipa-sra'
NO_OMIT_FRAME_POINTER='-fno-omit-frame-pointer'
OBJDUMP='objdump'
OBJEXT='o'
OTOOL64=''
OTOOL=''
PACKAGE='zfs'
PACKAGE_BUGREPORT=''
PACKAGE_NAME='zfs'
PACKAGE_STRING='zfs 2.3.3'
PACKAGE_TARNAME='zfs'
PACKAGE_URL=''
PACKAGE_VERSION='2.3.3'
PAM_ZFS_ENABLED_FALSE='#'
PAM_ZFS_ENABLED_TRUE=''
PARALLEL='yes'
PATH_SEPARATOR=':'
PKG_CONFIG='/usr/bin/pkg-config'
PKG_CONFIG_LIBDIR=''
PKG_CONFIG_PATH=''
POSUB='po'
PYTHON='/usr/local/bin/python3.13'
PYTHON_CPPFLAGS='-I/opt/python313/include/python3.13'
PYTHON_EXEC_PREFIX='${exec_prefix}'
PYTHON_EXTRA_LDFLAGS='-Xlinker -export-dynamic'
PYTHON_EXTRA_LIBS='-ldl -lm'
PYTHON_LIBS='-L/opt/python313/lib -lpython3.13'
PYTHON_PLATFORM='linux'
PYTHON_PLATFORM_SITE_PKG='/usr/lib/python3.13/site-packages'
PYTHON_PREFIX='${prefix}'
PYTHON_SHEBANG='python3'
PYTHON_SITE_PKG='/usr/lib/python3.13/site-packages'
PYTHON_VERSION='3.13'
PYZFS_ENABLED='yes'
PYZFS_ENABLED_FALSE='#'
PYZFS_ENABLED_TRUE=''
QAT_OBJ=''
QAT_SRC=''
QAT_SYMBOLS=''
RANLIB='ranlib'
RELEASE='1'
RM='rm -f'
RPM='rpm'
RPMBUILD='rpmbuild'
RPMBUILD_VERSION='4.20.1'
RPM_DEFINE_COMMON='--define "$(DEBUG_ZFS) 1" --define "$(DEBUGINFO_ZFS) 1" --define "$(DEBUG_KMEM_ZFS) 1" --define "$(DEBUG_KMEM_TRACKING_ZFS) 1" --define "$(ASAN_ZFS) 1" --define "$(UBSAN_ZFS) 1"'
RPM_DEFINE_DKMS=''
RPM_DEFINE_INITRAMFS='--define "_initramfs 1"'
RPM_DEFINE_KMOD='--define "_wrong_version_format_terminate_build 0"'
RPM_DEFINE_UTIL=' --define "_initconfdir $(initconfdir)" --define "_dracutdir $(dracutdir)" --define "_udevdir $(udevdir)" --define "_udevruledir $(udevruledir)" --define "_bashcompletiondir $(bashcompletiondir)" $(DEFINE_SYSTEMD) $(DEFINE_PYZFS) $(DEFINE_PAM) $(DEFINE_PYTHON_VERSION) $(DEFINE_PYTHON_PKG_VERSION) --define "_lib $(MULTIARCH_LIBDIR)"'
RPM_SPEC_DIR='rpm/generic'
RPM_VERSION='4.20.1'
SED='/usr/bin/sed'
SET_MAKE=''
SHELL='/bin/bash'
SHELLCHECK='yes'
SRPM_DEFINE_COMMON='--define "build_src_rpm 1"'
SRPM_DEFINE_DKMS=''
SRPM_DEFINE_KMOD=''
SRPM_DEFINE_UTIL=''
STRIP='strip'
TARGET_CPU_AARCH64_FALSE=''
TARGET_CPU_AARCH64_TRUE='#'
TARGET_CPU_ARM_FALSE=''
TARGET_CPU_ARM_TRUE='#'
TARGET_CPU_POWERPC_FALSE=''
TARGET_CPU_POWERPC_TRUE='#'
TARGET_CPU_SPARC64_FALSE=''
TARGET_CPU_SPARC64_TRUE='#'
TARGET_CPU_X86_64_FALSE='#'
TARGET_CPU_X86_64_TRUE=''
TEST_JOBS='22'
UBSAN_CFLAGS=''
UBSAN_ENABLED='no'
UBSAN_ENABLED_FALSE=''
UBSAN_ENABLED_TRUE='#'
UBSAN_LDFLAGS=''
UBSAN_ZFS='_without_ubsan'
USE_NLS='yes'
USING_PYTHON_FALSE='#'
USING_PYTHON_TRUE=''
VENDOR='debian'
VERSION='2.3.3'
WANT_DEVNAME2DEVID_FALSE='#'
WANT_DEVNAME2DEVID_TRUE=''
WANT_MMAP_LIBAIO_FALSE='#'
WANT_MMAP_LIBAIO_TRUE=''
WANT_MODULES_LOAD_D_FALSE='#'
WANT_MODULES_LOAD_D_TRUE=''
WITH_DEBUG=''
WITH_INVARIANTS=''
XGETTEXT='/usr/bin/xgettext'
XGETTEXT_015='/usr/bin/xgettext'
XGETTEXT_EXTRA_OPTIONS=''
ZFS_CONFIG='user'
ZFS_META_ALIAS='zfs-2.3.3-1'
ZFS_META_AUTHOR='OpenZFS'
ZFS_META_DATA=''
ZFS_META_KVER_MAX='6.15'
ZFS_META_KVER_MIN='4.18'
ZFS_META_LICENSE='CDDL'
ZFS_META_LT_AGE=''
ZFS_META_LT_CURRENT=''
ZFS_META_LT_REVISION=''
ZFS_META_NAME='zfs'
ZFS_META_RELEASE='1'
ZFS_META_VERSION='2.3.3'
ZLIB_CFLAGS=''
ZLIB_LIBS='-lz '
ZLIB_PC='zlib'
ac_ct_AR='ar'
ac_ct_CC='gcc'
ac_ct_DUMPBIN=''
ac_inplace='--in-place'
ac_system='Linux'
ac_system_l='linux'
am__EXEEXT_FALSE=''
am__EXEEXT_TRUE='#'
am__fastdepCCAS_FALSE='#'
am__fastdepCCAS_TRUE=''
am__fastdepCC_FALSE='#'
am__fastdepCC_TRUE=''
am__include='include'
am__isrc=''
am__leading_dot='.'
am__nodep='_no'
am__quote=''
am__rm_f_notfound=''
am__tar='tar --format=posix -chf - "$$tardir"'
am__untar='tar -xf -'
am__xargs_n='xargs -n'
bashcompletiondir='/usr/share/bash-completion/completions'
bindir='${exec_prefix}/bin'
build='x86_64-pc-linux-gnu'
build_alias=''
build_cpu='x86_64'
build_os='linux-gnu'
build_vendor='pc'
check-code-coverage:
code-coverage-capture-hook:
code-coverage-capture: code-coverage-capture-hook
code_coverage_quiet = $(code_coverage_quiet_$(V))
code_coverage_quiet_ = $(code_coverage_quiet_$(AM_DEFAULT_VERBOSITY))
code_coverage_quiet_0 = --quiet
code_coverage_sanitize = $(subst -,_,$(subst .,_,$(1)))
code_coverage_v_genhtml = $(code_coverage_v_genhtml_$(V))
code_coverage_v_genhtml_ = $(code_coverage_v_genhtml_$(AM_DEFAULT_VERBOSITY))
code_coverage_v_genhtml_0 = @echo "  GEN   " $(CODE_COVERAGE_OUTPUT_DIRECTORY);
code_coverage_v_lcov_cap = $(code_coverage_v_lcov_cap_$(V))
code_coverage_v_lcov_cap_ = $(code_coverage_v_lcov_cap_$(AM_DEFAULT_VERBOSITY))
code_coverage_v_lcov_cap_0 = @echo "  LCOV   --capture"\
code_coverage_v_lcov_ign = $(code_coverage_v_lcov_ign_$(V))
code_coverage_v_lcov_ign_ = $(code_coverage_v_lcov_ign_$(AM_DEFAULT_VERBOSITY))
code_coverage_v_lcov_ign_0 = @echo "  LCOV   --remove /tmp/*"\
datadir='${datarootdir}'
datarootdir='${prefix}/share'
docdir='${datarootdir}/doc/${PACKAGE_TARNAME}'
dracutdir='/usr/lib/dracut'
dvidir='${docdir}'
exec_prefix='${prefix}'
host='x86_64-pc-linux-gnu'
host_alias=''
host_cpu='x86_64'
host_os='linux-gnu'
host_vendor='pc'
htmldir='${docdir}'
includedir='${prefix}/include'
infodir='${datarootdir}/info'
initconfdir='/etc/default'
initdir='/etc/init.d'
install_sh='${SHELL} /opt/github/Z-FORGE/zfs_build_tmp/zfs-2.3.3/config/install-sh'
libdir='/usr/lib/x86_64-linux-gnu'
libexecdir='${exec_prefix}/libexec'
localedir='${datarootdir}/locale'
localstatedir='/var'
mandir='${datarootdir}/man'
mkdir_p='$(MKDIR_P)'
modulesloaddir='/usr/lib/modules-load.d'
mounthelperdir='/sbin'
oldincludedir='/usr/include'
pamconfigsdir='${datadir}/pam-configs'
pammoduledir='/usr/lib/x86_64-linux-gnu/security'
pdfdir='${docdir}'
pkgconfigdir='${libdir}/pkgconfig'
pkgpyexecdir='${pyexecdir}/zfs'
pkgpythondir='${pythondir}/zfs'
prefix='/usr'
program_transform_name='s,x,x,'
psdir='${docdir}'
pyexecdir='${PYTHON_EXEC_PREFIX}/lib/python3.13/site-packages'
pythondir='${PYTHON_PREFIX}/lib/python3.13/site-packages'
pythonsitedir='/usr/lib/python3.13/site-packages'
runstatedir='${localstatedir}/run'
sbindir='${exec_prefix}/sbin'
sharedstatedir='${prefix}/com'
sysconfdir='/etc'
systemdgeneratordir='/usr/lib/systemd/system-generators'
systemdpresetdir='/usr/lib/systemd/system-preset'
systemdunitdir='/usr/lib/systemd/system'
target='x86_64-pc-linux-gnu'
target_alias=''
target_cpu='x86_64'
target_os='linux-gnu'
target_vendor='pc'
udevdir='/lib/udev'
udevruledir='/lib/udev/rules.d'
zfsexecdir='${exec_prefix}/libexec/zfs'

## ----------- ##
## confdefs.h. ##
## ----------- ##

/* confdefs.h */
#define PACKAGE_NAME "zfs"
#define PACKAGE_TARNAME "zfs"
#define PACKAGE_VERSION "2.3.3"
#define PACKAGE_STRING "zfs 2.3.3"
#define PACKAGE_BUGREPORT ""
#define PACKAGE_URL ""
#define ZFS_META_NAME "zfs"
#define ZFS_META_VERSION "2.3.3"
#define SPL_META_VERSION ZFS_META_VERSION
#define ZFS_META_RELEASE "1"
#define SPL_META_RELEASE ZFS_META_RELEASE
#define ZFS_META_LICENSE "CDDL"
#define ZFS_META_ALIAS "zfs-2.3.3-1"
#define SPL_META_ALIAS ZFS_META_ALIAS
#define ZFS_META_AUTHOR "OpenZFS"
#define ZFS_META_KVER_MIN "4.18"
#define ZFS_META_KVER_MAX "6.15"
#define PACKAGE "zfs"
#define VERSION "2.3.3"
#define HAVE_STDIO_H 1
#define HAVE_STDLIB_H 1
#define HAVE_STRING_H 1
#define HAVE_INTTYPES_H 1
#define HAVE_STDINT_H 1
#define HAVE_STRINGS_H 1
#define HAVE_SYS_STAT_H 1
#define HAVE_SYS_TYPES_H 1
#define HAVE_UNISTD_H 1
#define STDC_HEADERS 1
#define HAVE_DLFCN_H 1
#define LT_OBJDIR ".libs/"
#define HAVE_INFINITE_RECURSION 1
#define HAVE_KERNEL_INFINITE_RECURSION 1
#define HAVE_IMPLICIT_FALLTHROUGH 1
#define HAVE_FORMAT_OVERFLOW 1
#define HAVE_SSE 1
#define HAVE_SSE2 1
#define HAVE_SSE3 1
#define HAVE_SSSE3 1
#define HAVE_SSE4_1 1
#define HAVE_SSE4_2 1
#define HAVE_AVX 1
#define HAVE_AVX2 1
#define HAVE_AVX512F 1
#define HAVE_AVX512CD 1
#define HAVE_AVX512DQ 1
#define HAVE_AVX512BW 1
#define HAVE_AVX512IFMA 1
#define HAVE_AVX512VBMI 1
#define HAVE_AVX512PF 1
#define HAVE_AVX512ER 1
#define HAVE_AVX512VL 1
#define HAVE_AES 1
#define HAVE_PCLMULQDQ 1
#define HAVE_MOVBE 1
#define HAVE_XSAVE 1
#define HAVE_XSAVEOPT 1
#define HAVE_XSAVES 1
#define SYSTEM_LINUX 1
#define HAVE_PYTHON "3.13"
#define ENABLE_NLS 1
#define HAVE_GETTEXT 1
#define HAVE_DCGETTEXT 1
#define HAVE_ZLIB 1
#define HAVE_LIBUDEV 1
#define HAVE_UDEV_DEVICE_GET_IS_INITIALIZED 1
#define HAVE_LIBUUID 1
#define HAVE_LIBBLKID 1
#define HAVE_LIBTIRPC 1
#define HAVE_LIBCRYPTO 1
#define HAVE_LIBAIO 1
#define LIBFETCH_IS_FETCH 0
#define LIBFETCH_IS_LIBCURL 1
#define LIBFETCH_DYNAMIC 1
#define LIBFETCH_SONAME "libcurl.so.4"
#define HAVE_AIO_H 1
#define HAVE_SECURITY_PAM_MODULES_H 1
#define HAVE_BACKTRACE 1
#define HAVE_LIBUNWIND 1
#define HAVE_LIBUNWIND_ELF 1
#define HAVE_MAKEDEV_IN_SYSMACROS 1
#define HAVE_EXECVPE 1
#define HAVE_MLOCKALL 1
#define HAVE_STRLCAT 1
#define HAVE_STRLCPY 1
#define HAVE_GETTID 1

configure: exit 0
