2025-08-02 04:55:03,343 - UltraThinkCoordinator - INFO - 🚀 Deploying UltraThink Multi-Agent Build System Analysis
2025-08-02 04:55:03,343 - UltraThinkCoordinator - INFO - 📂 Project Root: /opt/github/Z-FORGE
2025-08-02 04:55:03,344 - UltraThinkCoordinator - INFO - 🎯 Focus: Modular Build System + Calamares Integration
2025-08-02 04:55:03,344 - UltraThinkCoordinator - INFO - 🤖 Starting Build Architecture Specialist
2025-08-02 04:55:03,344 - UltraThinkCoordinator - INFO - 🤖 Starting Calamares Integration Specialist
2025-08-02 04:55:03,344 - Agent-build_architect - INFO - 🏗️ Analyzing build system architecture...
2025-08-02 04:55:03,345 - UltraThinkCoordinator - INFO - 🤖 Starting Configuration Management Specialist
2025-08-02 04:55:03,345 - Agent-calamares_integrator - INFO - 🖥️ Analyzing Calamares GUI integration...
2025-08-02 04:55:03,345 - UltraThinkCoordinator - INFO - 🤖 Starting Error Handling & Recovery Specialist
2025-08-02 04:55:03,345 - Agent-config_manager - INFO - ⚙️ Analyzing configuration management...
2025-08-02 04:55:03,345 - UltraThinkCoordinator - INFO - 🤖 Starting User Experience Specialist
2025-08-02 04:55:03,346 - Agent-recovery_specialist - INFO - 🛡️ Analyzing error handling and recovery systems...
2025-08-02 04:55:03,347 - Agent-ux_specialist - INFO - 👥 Analyzing user experience and documentation...
2025-08-02 04:55:03,349 - UltraThinkCoordinator - INFO - ✅ Build Architecture Specialist completed
2025-08-02 04:55:03,350 - UltraThinkCoordinator - INFO - ✅ Error Handling & Recovery Specialist completed
2025-08-02 04:55:03,354 - UltraThinkCoordinator - INFO - ✅ Configuration Management Specialist completed
2025-08-02 04:55:03,355 - UltraThinkCoordinator - INFO - ✅ User Experience Specialist completed
2025-08-02 04:55:03,399 - UltraThinkCoordinator - INFO - ✅ Calamares Integration Specialist completed
2025-08-02 04:55:03,400 - UltraThinkCoordinator - INFO - ✅ All agents completed analysis
2025-08-02 04:55:03,403 - UltraThinkCoordinator - INFO - 📊 Integrated report saved: /opt/github/Z-FORGE/scripts/analysis/ultrathink_results/integrated_analysis_20250802_045503.json
2025-08-02 04:55:03,403 - UltraThinkCoordinator - INFO - 📝 Summary report saved: /opt/github/Z-FORGE/scripts/analysis/ultrathink_results/ANALYSIS_SUMMARY_20250802_045503.md
