2025-08-02 06:08:57,440 - UltraThinkCoordinator - INFO - 🚀 Deploying UltraThink Multi-Agent Build System Analysis
2025-08-02 06:08:57,440 - UltraThinkCoordinator - INFO - 📂 Project Root: /opt/github/Z-FORGE
2025-08-02 06:08:57,441 - UltraThinkCoordinator - INFO - 🎯 Focus: Modular Build System + Calamares Integration
2025-08-02 06:08:57,441 - UltraThinkCoordinator - INFO - 🤖 Starting Build Architecture Specialist
2025-08-02 06:08:57,441 - UltraThinkCoordinator - INFO - 🤖 Starting Calamares Integration Specialist
2025-08-02 06:08:57,441 - Agent-build_architect - INFO - 🏗️ Analyzing build system architecture...
2025-08-02 06:08:57,441 - UltraThinkCoordinator - INFO - 🤖 Starting Configuration Management Specialist
2025-08-02 06:08:57,441 - Agent-calamares_integrator - INFO - 🖥️ Analyzing Calamares GUI integration...
2025-08-02 06:08:57,442 - UltraThinkCoordinator - INFO - 🤖 Starting Error Handling & Recovery Specialist
2025-08-02 06:08:57,442 - Agent-config_manager - INFO - ⚙️ Analyzing configuration management...
2025-08-02 06:08:57,442 - UltraThinkCoordinator - INFO - 🤖 Starting User Experience Specialist
2025-08-02 06:08:57,443 - Agent-recovery_specialist - INFO - 🛡️ Analyzing error handling and recovery systems...
2025-08-02 06:08:57,443 - Agent-ux_specialist - INFO - 👥 Analyzing user experience and documentation...
2025-08-02 06:08:57,446 - UltraThinkCoordinator - INFO - ✅ Build Architecture Specialist completed
2025-08-02 06:08:57,447 - UltraThinkCoordinator - INFO - ✅ Error Handling & Recovery Specialist completed
2025-08-02 06:08:57,452 - UltraThinkCoordinator - INFO - ✅ Configuration Management Specialist completed
2025-08-02 06:08:57,455 - UltraThinkCoordinator - INFO - ✅ User Experience Specialist completed
2025-08-02 06:08:57,505 - UltraThinkCoordinator - INFO - ✅ Calamares Integration Specialist completed
2025-08-02 06:08:57,506 - UltraThinkCoordinator - INFO - ✅ All agents completed analysis
2025-08-02 06:08:57,508 - UltraThinkCoordinator - INFO - 📊 Integrated report saved: /opt/github/Z-FORGE/scripts/analysis/ultrathink_results/integrated_analysis_20250802_060857.json
2025-08-02 06:08:57,509 - UltraThinkCoordinator - INFO - 📝 Summary report saved: /opt/github/Z-FORGE/scripts/analysis/ultrathink_results/ANALYSIS_SUMMARY_20250802_060857.md
