2025-07-04 00:53:05,444 - ZForge - INFO - Starting Z-Forge build pipeline
2025-07-04 00:53:05,445 - ZForge - INFO - Executing modules: WorkspaceSetup, Debootstrap, KernelAcquisition, ZFSBuild, DracutConfig, ProxmoxIntegration, LiveEnvironment, CalamaresIntegration, KDEThemeConfig, DellR730xdOptimize, ISOGeneration
2025-07-04 00:53:05,445 - ZForge - INFO - No specific resume data found for module WorkspaceSetup, will be called with None.
2025-07-04 00:53:05,445 - ZForge - INFO - Executing module: WorkspaceSetup
2025-07-04 00:53:05,450 - WorkspaceSetup - INFO - Setting up workspace...
2025-07-04 00:53:05,450 - WorkspaceSetup - INFO - Creating directories...
2025-07-04 00:53:05,673 - WorkspaceSetup - INFO - Setting permissions...
2025-07-04 00:53:05,703 - WorkspaceSetup - INFO - Preparing mounts...
2025-07-04 00:53:05,835 - WorkspaceSetup - INFO - Workspace setup complete: /tmp/zforge_workspace
2025-07-04 00:53:05,836 - ZForge - INFO - Saving build progress to /tmp/zforge_workspace/build_progress.json
2025-07-04 00:53:05,836 - ZForge - INFO - No specific resume data found for module Debootstrap, will be called with None.
2025-07-04 00:53:05,836 - ZForge - INFO - Executing module: Debootstrap
2025-07-04 00:53:05,845 - Debootstrap - INFO - Starting debootstrap process...
2025-07-04 00:53:05,845 - Debootstrap - INFO - Setting permissions on workspace directories...
2025-07-04 00:53:05,973 - Debootstrap - INFO - Running debootstrap for Debian bookworm into /tmp/zforge_workspace/chroot...
2025-07-04 00:53:05,973 - Debootstrap - INFO - Verifying chroot directory: /tmp/zforge_workspace/chroot
2025-07-04 00:53:05,973 - Debootstrap - INFO - Chroot directory permissions: 0o40777, owned by 0:0
2025-07-04 00:53:05,974 - Debootstrap - INFO - Executing debootstrap command: sudo debootstrap --verbose --arch=amd64 --include=locales,linux-base,sudo,bash-completion,apt-transport-https,ca-certificates,curl,wget,gnupg,gpgv bookworm /tmp/zforge_workspace/chroot http://deb.debian.org/debian
2025-07-04 00:53:05,993 - Debootstrap - ERROR - Debootstrap failed with exit code 1
2025-07-04 00:53:05,993 - Debootstrap - ERROR - Stderr:
sudo: debootstrap: command not found

2025-07-04 00:53:05,993 - Debootstrap - ERROR - A command failed during debootstrap: ['sudo', 'debootstrap', '--verbose', '--arch=amd64', '--include=locales,linux-base,sudo,bash-completion,apt-transport-https,ca-certificates,curl,wget,gnupg,gpgv', 'bookworm', '/tmp/zforge_workspace/chroot', 'http://deb.debian.org/debian'], Return Code: 1, Output: , Stderr: sudo: debootstrap: command not found

2025-07-04 00:53:05,993 - Debootstrap - INFO - Unmounting chroot filesystems...
2025-07-04 00:53:06,062 - ZForge - ERROR - Module Debootstrap failed: Command failed: sudo debootstrap --verbose --arch=amd64 --include=locales,linux-base,sudo,bash-completion,apt-transport-https,ca-certificates,curl,wget,gnupg,gpgv bookworm /tmp/zforge_workspace/chroot http://deb.debian.org/debian - sudo: debootstrap: command not found
