2025-06-25 02:36:32,176 - Debootstrap - INFO - Starting debootstrap process...
2025-06-25 02:36:32,176 - Debootstrap - INFO - Setting permissions on workspace directories...
2025-06-25 02:36:32,200 - Debootstrap - INFO - Running debootstrap for Debian bookworm into /tmp/zforge_workspace/chroot...
2025-06-25 02:36:32,200 - Debootstrap - INFO - Executing debootstrap command: sudo debootstrap --arch=amd64 --include=locales,linux-base,sudo,bash-completion,apt-transport-https,ca-certificates,curl,wget,gnupg,gpgv bookworm /tmp/zforge_workspace/chroot http://deb.debian.org/debian
2025-06-25 02:37:24,183 - Debootstrap - INFO - Debootstrap command completed successfully.
2025-06-25 02:37:24,183 - Debootstrap - INFO - Mounting essential filesystems in chroot...
2025-06-25 02:37:24,279 - Debootstrap - INFO - Configuring basic system settings in chroot...
2025-06-25 02:37:24,279 - Debootstrap - INFO - Updating package lists and upgrading packages in chroot...
2025-06-25 02:37:24,279 - Debootstrap - INFO - Executing in chroot: apt-get update
2025-06-25 02:37:25,733 - Debootstrap - INFO - Executing in chroot: apt-get upgrade -y
2025-06-25 02:37:29,807 - Debootstrap - INFO - Installing essential packages: build-essential, python3, python3-distutils, vim, nano, less, htop, net-tools, iproute2, iputils-ping
2025-06-25 02:37:29,807 - Debootstrap - INFO - Executing in chroot: apt-get install -y build-essential python3 python3-distutils vim nano less htop net-tools iproute2 iputils-ping
2025-06-25 02:37:49,363 - Debootstrap - INFO - Generating en_US.UTF-8 locale...
2025-06-25 02:37:49,363 - Debootstrap - INFO - Executing in chroot: locale-gen en_US.UTF-8
2025-06-25 02:37:49,380 - Debootstrap - INFO - Setting timezone to UTC...
2025-06-25 02:37:49,380 - Debootstrap - INFO - Executing in chroot: ln -sf /usr/share/zoneinfo/UTC /etc/localtime
2025-06-25 02:37:49,392 - Debootstrap - INFO - Basic system configuration in chroot completed.
2025-06-25 02:37:49,392 - Debootstrap - INFO - Installing and configuring dracut in chroot...
2025-06-25 02:37:49,392 - Debootstrap - INFO - Executing in chroot: apt-get remove -y initramfs-tools
2025-06-25 02:37:49,592 - Debootstrap - INFO - Installing dracut packages: dracut, dracut-core, dracut-network, dracut-squash
2025-06-25 02:37:49,592 - Debootstrap - INFO - Executing in chroot: apt-get install -y dracut dracut-core dracut-network dracut-squash
