2025-07-04 00:53:43,957 - ZForge - INFO - Starting Z-Forge build pipeline
2025-07-04 00:53:43,958 - ZForge - INFO - Executing modules: WorkspaceSetup, Debootstrap, KernelAcquisition, ZFSBuild, DracutConfig, ProxmoxIntegration, LiveEnvironment, CalamaresIntegration, KDEThemeConfig, DellR730xdOptimize, ISOGeneration
2025-07-04 00:53:43,958 - ZForge - INFO - No specific resume data found for module WorkspaceSetup, will be called with None.
2025-07-04 00:53:43,958 - ZForge - INFO - Executing module: WorkspaceSetup
2025-07-04 00:53:43,964 - WorkspaceSetup - INFO - Setting up workspace...
2025-07-04 00:53:43,964 - WorkspaceSetup - INFO - Creating directories...
2025-07-04 00:53:43,965 - WorkspaceSetup - WARNING - Workspace /tmp/zforge_workspace already exists with content!
2025-07-04 00:53:43,965 - WorkspaceSetup - INFO - Attempting to clean existing workspace...
2025-07-04 00:53:44,048 - WorkspaceSetup - INFO - Successfully cleaned existing workspace
2025-07-04 00:53:44,259 - WorkspaceSetup - INFO - Setting permissions...
2025-07-04 00:53:44,290 - WorkspaceSetup - INFO - Preparing mounts...
2025-07-04 00:53:44,430 - WorkspaceSetup - INFO - Workspace setup complete: /tmp/zforge_workspace
2025-07-04 00:53:44,430 - ZForge - INFO - Saving build progress to /tmp/zforge_workspace/build_progress.json
2025-07-04 00:53:44,431 - ZForge - INFO - No specific resume data found for module Debootstrap, will be called with None.
2025-07-04 00:53:44,431 - ZForge - INFO - Executing module: Debootstrap
2025-07-04 00:53:44,432 - Debootstrap - INFO - Starting debootstrap process...
2025-07-04 00:53:44,432 - Debootstrap - INFO - Setting permissions on workspace directories...
2025-07-04 00:53:44,538 - Debootstrap - INFO - Running debootstrap for Debian bookworm into /tmp/zforge_workspace/chroot...
2025-07-04 00:53:44,538 - Debootstrap - INFO - Verifying chroot directory: /tmp/zforge_workspace/chroot
2025-07-04 00:53:44,538 - Debootstrap - INFO - Chroot directory permissions: 0o40777, owned by 0:0
2025-07-04 00:53:44,538 - Debootstrap - INFO - Executing debootstrap command: sudo debootstrap --verbose --arch=amd64 --include=locales,linux-base,sudo,bash-completion,apt-transport-https,ca-certificates,curl,wget,gnupg,gpgv bookworm /tmp/zforge_workspace/chroot http://deb.debian.org/debian
2025-07-04 00:56:23,863 - Debootstrap - INFO - Debootstrap command completed successfully.
2025-07-04 00:56:23,863 - Debootstrap - INFO - Mounting essential filesystems in chroot...
2025-07-04 00:56:23,975 - Debootstrap - INFO - Configuring basic system settings in chroot...
2025-07-04 00:56:23,975 - Debootstrap - ERROR - Debootstrap process failed: [Errno 13] Permission denied: '/tmp/zforge_workspace/chroot/etc/apt/sources.list'
Traceback (most recent call last):
  File "/app/builder/modules/debootstrap.py", line 113, in execute
    self._configure_system(debian_release)
  File "/app/builder/modules/debootstrap.py", line 271, in _configure_system
    with open(sources_path, 'w') as f:
         ^^^^^^^^^^^^^^^^^^^^^^^
PermissionError: [Errno 13] Permission denied: '/tmp/zforge_workspace/chroot/etc/apt/sources.list'
2025-07-04 00:56:23,981 - Debootstrap - INFO - Unmounting chroot filesystems...
2025-07-04 00:56:24,087 - ZForge - ERROR - Module Debootstrap failed: [Errno 13] Permission denied: '/tmp/zforge_workspace/chroot/etc/apt/sources.list'
