2025-07-04 00:56:44,055 - ZForge - INFO - Starting Z-Forge build pipeline
2025-07-04 00:56:44,055 - ZForge - INFO - Executing modules: WorkspaceSetup, Debootstrap, KernelAcquisition, ZFSBuild, DracutConfig, ProxmoxIntegration, LiveEnvironment, CalamaresIntegration, KDEThemeConfig, DellR730xdOptimize, ISOGeneration
2025-07-04 00:56:44,055 - ZForge - INFO - No specific resume data found for module WorkspaceSetup, will be called with None.
2025-07-04 00:56:44,055 - ZForge - INFO - Executing module: WorkspaceSetup
2025-07-04 00:56:44,061 - WorkspaceSetup - INFO - Setting up workspace...
2025-07-04 00:56:44,061 - WorkspaceSetup - INFO - Creating directories...
2025-07-04 00:56:44,061 - WorkspaceSetup - WARNING - Workspace /tmp/zforge_workspace already exists with content!
2025-07-04 00:56:44,061 - WorkspaceSetup - INFO - Attempting to clean existing workspace...
2025-07-04 00:56:44,529 - WorkspaceSetup - INFO - Successfully cleaned existing workspace
2025-07-04 00:56:44,743 - WorkspaceSetup - INFO - Setting permissions...
2025-07-04 00:56:44,772 - WorkspaceSetup - INFO - Preparing mounts...
2025-07-04 00:56:44,904 - WorkspaceSetup - INFO - Workspace setup complete: /tmp/zforge_workspace
2025-07-04 00:56:44,904 - ZForge - INFO - Saving build progress to /tmp/zforge_workspace/build_progress.json
2025-07-04 00:56:44,905 - ZForge - INFO - No specific resume data found for module Debootstrap, will be called with None.
2025-07-04 00:56:44,905 - ZForge - INFO - Executing module: Debootstrap
2025-07-04 00:56:44,905 - Debootstrap - INFO - Starting debootstrap process...
2025-07-04 00:56:44,906 - Debootstrap - INFO - Setting permissions on workspace directories...
2025-07-04 00:56:45,012 - Debootstrap - INFO - Running debootstrap for Debian bookworm into /tmp/zforge_workspace/chroot...
2025-07-04 00:56:45,012 - Debootstrap - INFO - Verifying chroot directory: /tmp/zforge_workspace/chroot
2025-07-04 00:56:45,012 - Debootstrap - INFO - Chroot directory permissions: 0o40777, owned by 0:0
2025-07-04 00:56:45,012 - Debootstrap - INFO - Executing debootstrap command: sudo debootstrap --verbose --arch=amd64 --include=locales,linux-base,sudo,bash-completion,apt-transport-https,ca-certificates,curl,wget,gnupg,gpgv bookworm /tmp/zforge_workspace/chroot http://deb.debian.org/debian
2025-07-04 00:59:19,656 - Debootstrap - INFO - Debootstrap command completed successfully.
2025-07-04 00:59:19,656 - Debootstrap - INFO - Mounting essential filesystems in chroot...
2025-07-04 00:59:19,768 - Debootstrap - INFO - Configuring basic system settings in chroot...
2025-07-04 00:59:19,769 - Debootstrap - INFO - Updating package lists and upgrading packages in chroot...
2025-07-04 00:59:19,769 - Debootstrap - INFO - Executing in chroot: env DEBIAN_FRONTEND=noninteractive APT_LISTCHANGES_FRONTEND=none apt-get update
2025-07-04 00:59:23,720 - Debootstrap - INFO - Executing in chroot: env DEBIAN_FRONTEND=noninteractive APT_LISTCHANGES_FRONTEND=none apt-get upgrade -y
2025-07-04 00:59:36,182 - Debootstrap - INFO - Installing essential packages: build-essential, python3, python3-distutils, vim, nano, less, htop, net-tools, iproute2, iputils-ping
2025-07-04 00:59:36,182 - Debootstrap - INFO - Executing in chroot: env DEBIAN_FRONTEND=noninteractive APT_LISTCHANGES_FRONTEND=none apt-get install -y build-essential python3 python3-distutils vim nano less htop net-tools iproute2 iputils-ping
2025-07-04 01:00:15,994 - Debootstrap - INFO - Generating en_US.UTF-8 locale...
2025-07-04 01:00:15,994 - Debootstrap - INFO - Executing in chroot: locale-gen en_US.UTF-8
2025-07-04 01:00:16,063 - Debootstrap - INFO - Setting timezone to UTC...
2025-07-04 01:00:16,064 - Debootstrap - INFO - Executing in chroot: ln -sf /usr/share/zoneinfo/UTC /etc/localtime
2025-07-04 01:00:16,081 - Debootstrap - INFO - Basic system configuration in chroot completed.
2025-07-04 01:00:16,082 - Debootstrap - INFO - Installing and configuring dracut in chroot...
2025-07-04 01:00:16,082 - Debootstrap - INFO - Executing in chroot: env DEBIAN_FRONTEND=noninteractive APT_LISTCHANGES_FRONTEND=none apt-get remove -y initramfs-tools
2025-07-04 01:00:16,506 - Debootstrap - INFO - Installing dracut packages: dracut, dracut-core, dracut-network, dracut-squash
2025-07-04 01:00:16,506 - Debootstrap - INFO - Executing in chroot: env DEBIAN_FRONTEND=noninteractive APT_LISTCHANGES_FRONTEND=none apt-get install -y dracut dracut-core dracut-network dracut-squash
2025-07-04 01:00:33,207 - Debootstrap - INFO - Dracut configuration written to /tmp/zforge_workspace/chroot/etc/dracut.conf.d/zforge.conf
2025-07-04 01:00:33,207 - Debootstrap - INFO - Dracut installation and basic configuration completed.
2025-07-04 01:00:33,207 - Debootstrap - INFO - Unmounting chroot filesystems...
2025-07-04 01:00:33,318 - Debootstrap - INFO - Debootstrap completed successfully for Debian bookworm.
2025-07-04 01:00:33,318 - ZForge - INFO - Saving build progress to /tmp/zforge_workspace/build_progress.json
2025-07-04 01:00:33,319 - ZForge - INFO - No specific resume data found for module KernelAcquisition, will be called with None.
2025-07-04 01:00:33,319 - ZForge - INFO - Executing module: KernelAcquisition
2025-07-04 01:00:33,328 - ZForge - ERROR - Module KernelAcquisition failed: Failed to import module KernelAcquisition: No module named 'requests'
