This file contains any messages produced by compilers while
running configure, to aid debugging if configure makes a mistake.

It was created by zfs configure 2.3.3, which was
generated by GNU Autoconf 2.72.  Invocation command line was

  $ ./configure '--with-linux=🔍 Finding Linux source directory...
✅ Found Linux source at: /usr/src/linux-6.14.5
/usr/src/linux-6.14.5' '--with-linux-obj=🔍 Finding Linux source directory...
✅ Found Linux source at: /usr/src/linux-6.14.5
/usr/src/linux-6.14.5' '--prefix=/usr' '--sysconfdir=/etc' '--localstatedir=/var' '--libdir=/usr/lib/x86_64-linux-gnu' '--includedir=/usr/include' '--with-config=all' '--enable-systemd' '--enable-pyzfs'

## --------- ##
## Platform. ##
## --------- ##

hostname = lonenomad
uname -m = x86_64
uname -r = 6.14.5-mtl-pve
uname -s = Linux
uname -v = #1 SMP PREEMPT_DYNAMIC Wed Jun 25 11:25:10 UTC 2025

/usr/bin/uname -p = unknown
/bin/uname -X     = unknown

/bin/arch              = x86_64
/usr/bin/arch -k       = unknown
/usr/convex/getsysinfo = unknown
/usr/bin/hostinfo      = unknown
/bin/machine           = unknown
/usr/bin/oslevel       = unknown
/bin/universe          = unknown

PATH: /usr/local/sbin/
PATH: /usr/local/bin/
PATH: /usr/sbin/
PATH: /usr/bin/
PATH: /sbin/
PATH: /bin/


## ----------- ##
## Core tests. ##
## ----------- ##

configure:2938: looking for aux files: config.rpath compile ltmain.sh missing install-sh config.guess config.sub
configure:2951:  trying ./config/
configure:2980:   ./config/config.rpath found
configure:2980:   ./config/compile found
configure:2980:   ./config/ltmain.sh found
configure:2980:   ./config/missing found
configure:2962:   ./config/install-sh found
configure:2980:   ./config/config.guess found
configure:2980:   ./config/config.sub found
configure:3107: checking for gawk
configure:3128: found /usr/bin/gawk
configure:3140: result: gawk
configure:3151: checking metadata
configure:3288: result: META file
configure:3301: checking build system type
configure:3317: result: x86_64-pc-linux-gnu
configure:3337: checking host system type
configure:3352: result: x86_64-pc-linux-gnu
configure:3372: checking target system type
configure:3387: result: x86_64-pc-linux-gnu
configure:3414: checking whether to enable maintainer-specific portions of Makefiles
configure:3425: result: no
configure:3446: checking whether make supports nested variables
configure:3465: result: yes
configure:3488: checking for a BSD-compatible install
configure:3562: result: /usr/local/bin/install -c
configure:3573: checking whether sleep supports fractional seconds
configure:3589: result: yes
configure:3592: checking filesystem timestamp resolution
configure:3727: result: 0.01
configure:3732: checking whether build environment is sane
configure:3740: error: unsafe absolute working directory name

## ---------------- ##
## Cache variables. ##
## ---------------- ##

ac_cv_build=x86_64-pc-linux-gnu
ac_cv_env_AIO_H_CFLAGS_set=
ac_cv_env_AIO_H_CFLAGS_value=
ac_cv_env_AIO_H_LIBS_set=
ac_cv_env_AIO_H_LIBS_value=
ac_cv_env_CCASFLAGS_set=
ac_cv_env_CCASFLAGS_value=
ac_cv_env_CCAS_set=
ac_cv_env_CCAS_value=
ac_cv_env_CC_set=
ac_cv_env_CC_value=
ac_cv_env_CFLAGS_set=
ac_cv_env_CFLAGS_value=
ac_cv_env_CPPFLAGS_set=
ac_cv_env_CPPFLAGS_value=
ac_cv_env_KERNEL_ARCH_set=
ac_cv_env_KERNEL_ARCH_value=
ac_cv_env_KERNEL_CC_set=
ac_cv_env_KERNEL_CC_value=
ac_cv_env_KERNEL_CROSS_COMPILE_set=
ac_cv_env_KERNEL_CROSS_COMPILE_value=
ac_cv_env_KERNEL_LD_set=
ac_cv_env_KERNEL_LD_value=
ac_cv_env_KERNEL_LLVM_set=
ac_cv_env_KERNEL_LLVM_value=
ac_cv_env_LDFLAGS_set=
ac_cv_env_LDFLAGS_value=
ac_cv_env_LIBAIO_CFLAGS_set=
ac_cv_env_LIBAIO_CFLAGS_value=
ac_cv_env_LIBAIO_LIBS_set=
ac_cv_env_LIBAIO_LIBS_value=
ac_cv_env_LIBBLKID_CFLAGS_set=
ac_cv_env_LIBBLKID_CFLAGS_value=
ac_cv_env_LIBBLKID_LIBS_set=
ac_cv_env_LIBBLKID_LIBS_value=
ac_cv_env_LIBCRYPTO_CFLAGS_set=
ac_cv_env_LIBCRYPTO_CFLAGS_value=
ac_cv_env_LIBCRYPTO_LIBS_set=
ac_cv_env_LIBCRYPTO_LIBS_value=
ac_cv_env_LIBS_set=
ac_cv_env_LIBS_value=
ac_cv_env_LIBTIRPC_CFLAGS_set=
ac_cv_env_LIBTIRPC_CFLAGS_value=
ac_cv_env_LIBTIRPC_LIBS_set=
ac_cv_env_LIBTIRPC_LIBS_value=
ac_cv_env_LIBUDEV_CFLAGS_set=
ac_cv_env_LIBUDEV_CFLAGS_value=
ac_cv_env_LIBUDEV_LIBS_set=
ac_cv_env_LIBUDEV_LIBS_value=
ac_cv_env_LIBUNWIND_CFLAGS_set=
ac_cv_env_LIBUNWIND_CFLAGS_value=
ac_cv_env_LIBUNWIND_LIBS_set=
ac_cv_env_LIBUNWIND_LIBS_value=
ac_cv_env_LIBUUID_CFLAGS_set=
ac_cv_env_LIBUUID_CFLAGS_value=
ac_cv_env_LIBUUID_LIBS_set=
ac_cv_env_LIBUUID_LIBS_value=
ac_cv_env_LT_SYS_LIBRARY_PATH_set=
ac_cv_env_LT_SYS_LIBRARY_PATH_value=
ac_cv_env_PKG_CONFIG_LIBDIR_set=
ac_cv_env_PKG_CONFIG_LIBDIR_value=
ac_cv_env_PKG_CONFIG_PATH_set=
ac_cv_env_PKG_CONFIG_PATH_value=
ac_cv_env_PKG_CONFIG_set=
ac_cv_env_PKG_CONFIG_value=
ac_cv_env_PYTHON_VERSION_set=
ac_cv_env_PYTHON_VERSION_value=
ac_cv_env_PYTHON_set=
ac_cv_env_PYTHON_value=
ac_cv_env_TEST_JOBS_set=
ac_cv_env_TEST_JOBS_value=
ac_cv_env_ZLIB_CFLAGS_set=
ac_cv_env_ZLIB_CFLAGS_value=
ac_cv_env_ZLIB_LIBS_set=
ac_cv_env_ZLIB_LIBS_value=
ac_cv_env_build_alias_set=
ac_cv_env_build_alias_value=
ac_cv_env_host_alias_set=
ac_cv_env_host_alias_value=
ac_cv_env_target_alias_set=
ac_cv_env_target_alias_value=
ac_cv_host=x86_64-pc-linux-gnu
ac_cv_path_install='/usr/local/bin/install -c'
ac_cv_prog_AWK=gawk
ac_cv_target=x86_64-pc-linux-gnu
am_cv_filesystem_timestamp_resolution=0.01
am_cv_make_support_nested_variables=yes
am_cv_sleep_fractional_seconds=yes

## ----------------- ##
## Output variables. ##
## ----------------- ##

/usr/src/linux-6.14.5 --prefix=/usr --sysconfdir=/etc --localstatedir=/var --libdir=/usr/lib/x86_64-linux-gnu --includedir=/usr/include --with-config=all --enable-systemd --enable-pyzfs'
/usr/src/linux-6.14.5 --with-linux-obj=🔍 Finding Linux source directory...
ACLOCAL=''
AIO_H_CFLAGS=''
AIO_H_LIBS=''
AIO_H_PC=''
ALIEN=''
ALIEN_MAJOR=''
ALIEN_MINOR=''
ALIEN_POINT=''
ALIEN_VERSION=''
AMDEPBACKSLASH=''
AMDEP_FALSE=''
AMDEP_TRUE=''
AMTAR=''
AM_BACKSLASH='\'
AM_DEFAULT_V=''
AM_DEFAULT_VERBOSITY='0'
AM_V=''
AR=''
ASAN_CFLAGS=''
ASAN_ENABLED=''
ASAN_ENABLED_FALSE=''
ASAN_ENABLED_TRUE=''
ASAN_LDFLAGS=''
ASAN_ZFS=''
AUTOCONF=''
AUTOHEADER=''
AUTOMAKE=''
AWK='gawk'
BACKTRACE_LIBS=''
BUILD_FREEBSD_FALSE=''
BUILD_FREEBSD_TRUE=''
BUILD_LINUX_FALSE=''
BUILD_LINUX_TRUE=''
CC=''
CCAS=''
CCASDEPMODE=''
CCASFLAGS=''
CCDEPMODE=''
CFGOPTS='--with-linux=🔍 Finding Linux source directory...
CFLAGS=''
CHECKBASHISMS=''
CODE_COVERAGE_CFLAGS=''
CODE_COVERAGE_CPPFLAGS=''
CODE_COVERAGE_CXXFLAGS=''
CODE_COVERAGE_ENABLED=''
CODE_COVERAGE_ENABLED_FALSE=''
CODE_COVERAGE_ENABLED_TRUE=''
CODE_COVERAGE_LDFLAGS=''
CODE_COVERAGE_LIBS=''
CODE_COVERAGE_RULES=''
CONFIG_KERNEL_FALSE=''
CONFIG_KERNEL_TRUE=''
CONFIG_QAT_FALSE=''
CONFIG_QAT_TRUE=''
CONFIG_USER_FALSE=''
CONFIG_USER_TRUE=''
CPPCHECK=''
CPPFLAGS=''
CPU_COUNT=''
CSCOPE=''
CTAGS=''
CYGPATH_W=''
DEBUGINFO_ZFS=''
DEBUG_CFLAGS=''
DEBUG_CPPFLAGS=''
DEBUG_KMEM_TRACKING_ZFS=''
DEBUG_KMEM_ZFS=''
DEBUG_LDFLAGS=''
DEBUG_ZFS=''
DEFAULT_INIT_NFS_SERVER=''
DEFAULT_INIT_SHELL=''
DEFAULT_PACKAGE=''
DEFINE_PAM=''
DEFINE_PYTHON_PKG_VERSION=''
DEFINE_PYTHON_VERSION=''
DEFINE_PYZFS=''
DEFINE_SYSTEMD=''
DEFS=''
DEPDIR=''
DLLTOOL=''
DPKG=''
DPKGBUILD=''
DPKGBUILD_VERSION=''
DPKG_VERSION=''
DSYMUTIL=''
DUMPBIN=''
ECHO_C=''
ECHO_N='-n'
ECHO_T=''
EGREP=''
ETAGS=''
EXEEXT=''
FGREP=''
FILECMD=''
FORMAT_OVERFLOW=''
FRAME_LARGER_THAN=''
GCOV=''
GENHTML=''
GETTEXT_MACRO_VERSION=''
GMSGFMT=''
GMSGFMT_015=''
GREP=''
HAVE_ALIEN=''
HAVE_CHECKBASHISMS_FALSE=''
HAVE_CHECKBASHISMS_TRUE=''
HAVE_DPKG=''
HAVE_DPKGBUILD=''
HAVE_PARALLEL_FALSE=''
HAVE_PARALLEL_TRUE=''
HAVE_RPM=''
HAVE_RPMBUILD=''
HAVE_SHELLCHECK_FALSE=''
HAVE_SHELLCHECK_TRUE=''
IMPLICIT_FALLTHROUGH=''
INFINITE_RECURSION=''
INIT_SYSTEMD_FALSE=''
INIT_SYSTEMD_TRUE=''
INIT_SYSV_FALSE=''
INIT_SYSV_TRUE=''
INSTALL_DATA='${INSTALL} -m 644'
INSTALL_PROGRAM='${INSTALL}'
INSTALL_SCRIPT='${INSTALL}'
INSTALL_STRIP_PROGRAM=''
INTLLIBS=''
INTL_MACOSX_LIBS=''
IS_SYSV_RC=''
KERNEL_ARCH=''
KERNEL_CC=''
KERNEL_CROSS_COMPILE=''
KERNEL_DEBUG_CFLAGS=''
KERNEL_DEBUG_CPPFLAGS=''
KERNEL_INFINITE_RECURSION=''
KERNEL_LD=''
KERNEL_LLVM=''
KERNEL_MAKE=''
KERNEL_NO_IPA_SRA=''
LCOV=''
LD=''
LDFLAGS=''
LIBAIO_CFLAGS=''
LIBAIO_LIBS=''
LIBAIO_PC=''
LIBATOMIC_LIBS=''
LIBBLKID_CFLAGS=''
LIBBLKID_LIBS=''
LIBBLKID_PC=''
LIBCLOCK_GETTIME=''
LIBCRYPTO_CFLAGS=''
LIBCRYPTO_LIBS=''
LIBCRYPTO_PC=''
LIBFETCH_DYNAMIC=''
LIBFETCH_LIBS=''
LIBFETCH_SONAME=''
LIBICONV=''
LIBINTL=''
LIBOBJS=''
LIBS=''
LIBTIRPC_CFLAGS=''
LIBTIRPC_LIBS=''
LIBTIRPC_PC=''
LIBTOOL=''
LIBUDEV_CFLAGS=''
LIBUDEV_LIBS=''
LIBUDEV_PC=''
LIBUNWIND_CFLAGS=''
LIBUNWIND_LIBS=''
LIBUNWIND_PC=''
LIBUUID_CFLAGS=''
LIBUUID_LIBS=''
LIBUUID_PC=''
LINUX=''
LINUX_OBJ=''
LINUX_SYMBOLS=''
LINUX_VERSION=''
LIPO=''
LN_S=''
LTLIBICONV=''
LTLIBINTL=''
LTLIBOBJS=''
LT_SYS_LIBRARY_PATH=''
MAINT='#'
MAINTAINER_MODE_FALSE=''
MAINTAINER_MODE_TRUE='#'
MAKEINFO=''
MANIFEST_TOOL=''
MKDIR_P=''
MSGFMT=''
MSGMERGE=''
MSGMERGE_FOR_MSGFMT_OPTION=''
MULTIARCH_LIBDIR=''
NM=''
NMEDIT=''
NO_CLOBBERED=''
NO_FORMAT_TRUNCATION=''
NO_FORMAT_ZERO_LENGTH=''
NO_IPA_SRA=''
NO_OMIT_FRAME_POINTER=''
OBJDUMP=''
OBJEXT=''
OTOOL64=''
OTOOL=''
PACKAGE=''
PACKAGE_BUGREPORT=''
PACKAGE_NAME='zfs'
PACKAGE_STRING='zfs 2.3.3'
PACKAGE_TARNAME='zfs'
PACKAGE_URL=''
PACKAGE_VERSION='2.3.3'
PAM_ZFS_ENABLED_FALSE=''
PAM_ZFS_ENABLED_TRUE=''
PARALLEL=''
PATH_SEPARATOR=':'
PKG_CONFIG=''
PKG_CONFIG_LIBDIR=''
PKG_CONFIG_PATH=''
POSUB=''
PYTHON=''
PYTHON_CPPFLAGS=''
PYTHON_EXEC_PREFIX=''
PYTHON_EXTRA_LDFLAGS=''
PYTHON_EXTRA_LIBS=''
PYTHON_LIBS=''
PYTHON_PLATFORM=''
PYTHON_PLATFORM_SITE_PKG=''
PYTHON_PREFIX=''
PYTHON_SHEBANG=''
PYTHON_SITE_PKG=''
PYTHON_VERSION=''
PYZFS_ENABLED=''
PYZFS_ENABLED_FALSE=''
PYZFS_ENABLED_TRUE=''
QAT_OBJ=''
QAT_SRC=''
QAT_SYMBOLS=''
RANLIB=''
RELEASE='1'
RM=''
RPM=''
RPMBUILD=''
RPMBUILD_VERSION=''
RPM_DEFINE_COMMON=''
RPM_DEFINE_DKMS=''
RPM_DEFINE_INITRAMFS=''
RPM_DEFINE_KMOD=''
RPM_DEFINE_UTIL=''
RPM_SPEC_DIR=''
RPM_VERSION=''
SED=''
SET_MAKE=''
SHELL='/bin/bash'
SHELLCHECK=''
SRPM_DEFINE_COMMON=''
SRPM_DEFINE_DKMS=''
SRPM_DEFINE_KMOD=''
SRPM_DEFINE_UTIL=''
STRIP=''
TARGET_CPU_AARCH64_FALSE=''
TARGET_CPU_AARCH64_TRUE=''
TARGET_CPU_ARM_FALSE=''
TARGET_CPU_ARM_TRUE=''
TARGET_CPU_POWERPC_FALSE=''
TARGET_CPU_POWERPC_TRUE=''
TARGET_CPU_SPARC64_FALSE=''
TARGET_CPU_SPARC64_TRUE=''
TARGET_CPU_X86_64_FALSE=''
TARGET_CPU_X86_64_TRUE=''
TEST_JOBS=''
UBSAN_CFLAGS=''
UBSAN_ENABLED=''
UBSAN_ENABLED_FALSE=''
UBSAN_ENABLED_TRUE=''
UBSAN_LDFLAGS=''
UBSAN_ZFS=''
USE_NLS=''
USING_PYTHON_FALSE=''
USING_PYTHON_TRUE=''
VENDOR=''
VERSION=''
WANT_DEVNAME2DEVID_FALSE=''
WANT_DEVNAME2DEVID_TRUE=''
WANT_MMAP_LIBAIO_FALSE=''
WANT_MMAP_LIBAIO_TRUE=''
WANT_MODULES_LOAD_D_FALSE=''
WANT_MODULES_LOAD_D_TRUE=''
WITH_DEBUG=''
WITH_INVARIANTS=''
XGETTEXT=''
XGETTEXT_015=''
XGETTEXT_EXTRA_OPTIONS=''
ZFS_CONFIG=''
ZFS_META_ALIAS='zfs-2.3.3-1'
ZFS_META_AUTHOR='OpenZFS'
ZFS_META_DATA=''
ZFS_META_KVER_MAX='6.15'
ZFS_META_KVER_MIN='4.18'
ZFS_META_LICENSE='CDDL'
ZFS_META_LT_AGE=''
ZFS_META_LT_CURRENT=''
ZFS_META_LT_REVISION=''
ZFS_META_NAME='zfs'
ZFS_META_RELEASE='1'
ZFS_META_VERSION='2.3.3'
ZLIB_CFLAGS=''
ZLIB_LIBS=''
ZLIB_PC=''
ac_ct_AR=''
ac_ct_CC=''
ac_ct_DUMPBIN=''
ac_inplace=''
ac_system=''
ac_system_l=''
am__EXEEXT_FALSE=''
am__EXEEXT_TRUE=''
am__fastdepCCAS_FALSE=''
am__fastdepCCAS_TRUE=''
am__fastdepCC_FALSE=''
am__fastdepCC_TRUE=''
am__include=''
am__isrc=''
am__leading_dot=''
am__nodep=''
am__quote=''
am__rm_f_notfound=''
am__tar=''
am__untar=''
am__xargs_n=''
bashcompletiondir=''
bindir='${exec_prefix}/bin'
build='x86_64-pc-linux-gnu'
build_alias=''
build_cpu='x86_64'
build_os='linux-gnu'
build_vendor='pc'
datadir='${datarootdir}'
datarootdir='${prefix}/share'
docdir='${datarootdir}/doc/${PACKAGE_TARNAME}'
dracutdir=''
dvidir='${docdir}'
exec_prefix='NONE'
host='x86_64-pc-linux-gnu'
host_alias=''
host_cpu='x86_64'
host_os='linux-gnu'
host_vendor='pc'
htmldir='${docdir}'
includedir='/usr/include'
infodir='${datarootdir}/info'
initconfdir=''
initdir=''
install_sh=''
libdir='/usr/lib/x86_64-linux-gnu'
libexecdir='${exec_prefix}/libexec'
localedir='${datarootdir}/locale'
localstatedir='/var'
mandir='${datarootdir}/man'
mkdir_p=''
modulesloaddir=''
mounthelperdir=''
oldincludedir='/usr/include'
pamconfigsdir=''
pammoduledir=''
pdfdir='${docdir}'
pkgconfigdir=''
pkgpyexecdir=''
pkgpythondir=''
prefix='/usr'
program_transform_name='s,x,x,'
psdir='${docdir}'
pyexecdir=''
pythondir=''
pythonsitedir=''
runstatedir='${localstatedir}/run'
sbindir='${exec_prefix}/sbin'
sharedstatedir='${prefix}/com'
sysconfdir='/etc'
systemdgeneratordir=''
systemdpresetdir=''
systemdunitdir=''
target='x86_64-pc-linux-gnu'
target_alias=''
target_cpu='x86_64'
target_os='linux-gnu'
target_vendor='pc'
udevdir=''
udevruledir=''
zfsexecdir=''
✅ Found Linux source at: /usr/src/linux-6.14.5
✅ Found Linux source at: /usr/src/linux-6.14.5

## ----------- ##
## confdefs.h. ##
## ----------- ##

/* confdefs.h */
#define PACKAGE_NAME "zfs"
#define PACKAGE_TARNAME "zfs"
#define PACKAGE_VERSION "2.3.3"
#define PACKAGE_STRING "zfs 2.3.3"
#define PACKAGE_BUGREPORT ""
#define PACKAGE_URL ""
#define ZFS_META_NAME "zfs"
#define ZFS_META_VERSION "2.3.3"
#define SPL_META_VERSION ZFS_META_VERSION
#define ZFS_META_RELEASE "1"
#define SPL_META_RELEASE ZFS_META_RELEASE
#define ZFS_META_LICENSE "CDDL"
#define ZFS_META_ALIAS "zfs-2.3.3-1"
#define SPL_META_ALIAS ZFS_META_ALIAS
#define ZFS_META_AUTHOR "OpenZFS"
#define ZFS_META_KVER_MIN "4.18"
#define ZFS_META_KVER_MAX "6.15"

configure: exit 1
